Component: ARM Compiler 5.06 update 6 (build 750) Tool: armlink [4d35ed]

==============================================================================

Section Cross References

    app_touch.o(i.TouchStart_Judge) refers to app_touch.o(.bss) for TouchStruct
    app_touch.o(i.Touch_Clear) refers to app_touch.o(.bss) for TouchStruct
    app_touch.o(i.Touch_Judge) refers to app_touch.o(i.Touch_Clear) for Touch_Clear
    app_touch.o(i.Touch_Judge) refers to app_touch.o(.bss) for TouchStruct
    app_touch.o(i.Touch_main) refers to drive_touch.o(i.TouchRead) for TouchRead
    app_touch.o(i.Touch_main) refers to os_cpu.o(i.OSTimeDly) for OSTimeDly
    app_touch.o(i.Touch_main) refers to app_touch.o(.bss) for TouchStruct
    app_touch.o(i.Touch_main) refers to app_touch.o(.data) for LastX
    app_led.o(i.LED_main) refers to app_led.o(i.LED_Control) for LED_Control
    app_led.o(i.LED_main) refers to os_cpu.o(i.OSTimeDly) for OSTimeDly
    app_led.o(i.LED_main) refers to app_led.o(.data) for _led_cnt
    app_adf4351.o(i.ADF4351_main) refers to drive_touchkey.o(i.TouchKey_Draw) for TouchKey_Draw
    app_adf4351.o(i.ADF4351_main) refers to app_adf4351.o(i.Start_Meum) for Start_Meum
    app_adf4351.o(i.ADF4351_main) refers to app_switch.o(i.PID_Init) for PID_Init
    app_adf4351.o(i.ADF4351_main) refers to drive_touchkey.o(i.TouchKey_Scan) for TouchKey_Scan
    app_adf4351.o(i.ADF4351_main) refers to f2d.o(x$fpl$f2d) for __aeabi_f2d
    app_adf4351.o(i.ADF4351_main) refers to app_adf4351.o(i.Touch_Handle) for Touch_Handle
    app_adf4351.o(i.ADF4351_main) refers to os_cpu.o(i.OSTimeDly) for OSTimeDly
    app_adf4351.o(i.ADF4351_main) refers to app_adf4351.o(.data) for Data
    app_adf4351.o(i.Start_Meum) refers to os_ui.o(i.OS_String_Show) for OS_String_Show
    app_adf4351.o(i.Start_Meum) refers to os_ui.o(i.OS_Rect_Draw) for OS_Rect_Draw
    app_adf4351.o(i.Start_Meum) refers to os_ui.o(i.OS_Num_Show) for OS_Num_Show
    app_adf4351.o(i.Start_Meum) refers to dflt_clz.o(x$fpl$dfltu) for __aeabi_ui2d
    app_adf4351.o(i.Start_Meum) refers to app_adf4351.o(.data) for Out_Freq
    app_adf4351.o(i.Touch_Handle) refers to app_touch.o(i.Touch_Judge) for Touch_Judge
    app_adf4351.o(i.Touch_Handle) refers to app_adf4351.o(i.Start_Meum) for Start_Meum
    app_adf4351.o(i.Touch_Handle) refers to os_ui.o(i.OS_Rect_Draw) for OS_Rect_Draw
    app_adf4351.o(i.Touch_Handle) refers to ddiv.o(x$fpl$ddiv) for __aeabi_ddiv
    app_adf4351.o(i.Touch_Handle) refers to daddsub_clz.o(x$fpl$drsb) for __aeabi_drsub
    app_adf4351.o(i.Touch_Handle) refers to os_ui.o(i.OS_Num_Show) for OS_Num_Show
    app_adf4351.o(i.Touch_Handle) refers to daddsub_clz.o(x$fpl$dadd) for __aeabi_dadd
    app_adf4351.o(i.Touch_Handle) refers to d2f.o(x$fpl$d2f) for __aeabi_d2f
    app_adf4351.o(i.Touch_Handle) refers to drive_adf4351.o(i.ADF4351WriteFreq) for ADF4351WriteFreq
    app_adf4351.o(i.Touch_Handle) refers to deqf.o(x$fpl$deqf) for __aeabi_cdcmpeq
    app_adf4351.o(i.Touch_Handle) refers to dfixu.o(x$fpl$dfixu) for __aeabi_d2uiz
    app_adf4351.o(i.Touch_Handle) refers to f2d.o(x$fpl$f2d) for __aeabi_f2d
    app_adf4351.o(i.Touch_Handle) refers to app_adf4351.o(.data) for SetChoose
    app_key.o(i.Key_Clear) refers to app_key.o(.bss) for Key
    app_key.o(i.Key_Get) refers to app_key.o(.bss) for Key
    app_key.o(i.Key_Now_Get) refers to app_key.o(.bss) for Key
    app_key.o(i.Key_main) refers to os_cpu.o(i.OSTimeDly) for OSTimeDly
    app_key.o(i.Key_main) refers to app_key.o(.bss) for Key
    app_adf4351_sweep.o(i.ADF4351_Sweep_main) refers to d2f.o(x$fpl$d2f) for __aeabi_d2f
    app_adf4351_sweep.o(i.ADF4351_Sweep_main) refers to drive_adf4351.o(i.ADF4351WriteFreq) for ADF4351WriteFreq
    app_adf4351_sweep.o(i.ADF4351_Sweep_main) refers to daddsub_clz.o(x$fpl$dadd) for __aeabi_dadd
    app_adf4351_sweep.o(i.ADF4351_Sweep_main) refers to drleqf.o(x$fpl$drleqf) for __aeabi_cdrcmple
    app_adf4351_sweep.o(i.ADF4351_Sweep_main) refers to dfixu.o(x$fpl$dfixu) for __aeabi_d2uiz
    app_adf4351_sweep.o(i.ADF4351_Sweep_main) refers to os_cpu.o(i.OSTimeDly) for OSTimeDly
    app_adf4351_sweep.o(i.ADF4351_Sweep_main) refers to app_adf4351.o(.data) for ADF4351_Sweep
    app_adf4351_sweep.o(i.ADF4351_Sweep_main) refers to app_adf4351_sweep.o(.data) for Start_flag
    app_switch.o(i.PID_Init) refers to drive_pid.o(i.pid_reset) for pid_reset
    app_switch.o(i.PID_Init) refers to drive_pid.o(i.pid_init) for pid_init
    app_switch.o(i.PID_Init) refers to app_switch.o(.bss) for Pid_data
    app_switch.o(i.Switch_main) refers to drive_adc.o(i.ADC_Result_Get) for ADC_Result_Get
    app_switch.o(i.Switch_main) refers to f2d.o(x$fpl$f2d) for __aeabi_f2d
    app_switch.o(i.Switch_main) refers to ddiv.o(x$fpl$ddiv) for __aeabi_ddiv
    app_switch.o(i.Switch_main) refers to d2f.o(x$fpl$d2f) for __aeabi_d2f
    app_switch.o(i.Switch_main) refers to drive_pid.o(i.pid_calc) for pid_calc
[...]
    __rt_heap_escrow$2region                 0x080005e5   Thumb Code     2  heapauxi.o(.text)
    __rt_heap_expand$2region                 0x080005e7   Thumb Code     2  heapauxi.o(.text)
    __I$use$semihosting                      0x080005e9   Thumb Code     0  use_no_semi.o(.text)
    __use_no_semihosting_swi                 0x080005e9   Thumb Code     2  use_no_semi.o(.text)
    __read_errno                             0x080005eb   Thumb Code    10  _rserrno.o(.text)
    __set_errno                              0x080005f5   Thumb Code    12  _rserrno.o(.text)
    __lib_sel_fp_printf                      0x08000601   Thumb Code     2  _printf_fp_dec.o(.text)
    _printf_fp_dec_real                      0x080007b3   Thumb Code   620  _printf_fp_dec.o(.text)
    _printf_fp_hex_real                      0x08000a21   Thumb Code   756  _printf_fp_hex.o(.text)
    _printf_char_common                      0x08000d27   Thumb Code    32  _printf_char_common.o(.text)
    _sputc                                   0x08000d4d   Thumb Code    10  _sputc.o(.text)
    _printf_cs_common                        0x08000d57   Thumb Code    20  _printf_char.o(.text)
    _printf_char                             0x08000d6b   Thumb Code    16  _printf_char.o(.text)
    _printf_string                           0x08000d7b   Thumb Code     8  _printf_char.o(.text)
    _printf_char_file                        0x08000d85   Thumb Code    32  _printf_char_file.o(.text)
    __strtod_int                             0x08000de5   Thumb Code    90  strtod.o(.text)
    __rt_locale                              0x08000e4d   Thumb Code     8  rt_locale_intlibspace.o(.text)
    __aeabi_errno_addr                       0x08000e55   Thumb Code     8  rt_errno_addr_intlibspace.o(.text)
    __errno$intlibspace                      0x08000e55   Thumb Code     0  rt_errno_addr_intlibspace.o(.text)
    __rt_errno_addr$intlibspace              0x08000e55   Thumb Code     0  rt_errno_addr_intlibspace.o(.text)
    _ll_udiv10                               0x08000e5d   Thumb Code   138  lludiv10.o(.text)
    isspace                                  0x08000ee7   Thumb Code    18  isspace.o(.text)
    _printf_fp_infnan                        0x08000ef9   Thumb Code   112  _printf_fp_infnan.o(.text)
    _sgetc                                   0x08000f79   Thumb Code    30  _sgetc.o(.text)
    _sbackspace                              0x08000f97   Thumb Code    34  _sgetc.o(.text)
    _btod_etento                             0x08000fb9   Thumb Code   224  bigflt0.o(.text)
    ferror                                   0x0800109d   Thumb Code     8  ferror.o(.text)
    __user_libspace                          0x080010a5   Thumb Code     8  libspace.o(.text)
    __user_perproc_libspace                  0x080010a5   Thumb Code     0  libspace.o(.text)
    __user_perthread_libspace                0x080010a5   Thumb Code     0  libspace.o(.text)
    __user_setup_stackheap                   0x080010ad   Thumb Code    74  sys_stackheap_outer.o(.text)
    __rt_ctype_table                         0x080010f9   Thumb Code    16  rt_ctype_table.o(.text)
    _scanf_really_real                       0x08001355   Thumb Code   684  scanf_fp.o(.text)
    exit                                     0x08001601   Thumb Code    18  exit.o(.text)
    strcmp                                   0x08001615   Thumb Code   128  strcmpv7m.o(.text)
    _scanf_really_hex_real                   0x08001695   Thumb Code   786  scanf_hexfp.o(.text)
    _scanf_really_infnan                     0x080019b5   Thumb Code   292  scanf_infnan.o(.text)
    __aeabi_llsl                             0x08001ae9   Thumb Code     0  llshl.o(.text)
    _ll_shift_l                              0x08001ae9   Thumb Code    38  llshl.o(.text)
    _chval                                   0x08001b0f   Thumb Code    28  _chval.o(.text)
    _btod_d2e                                0x08001b2b   Thumb Code    62  btod.o(CL$$btod_d2e)
    _d2e_denorm_low                          0x08001b69   Thumb Code    70  btod.o(CL$$btod_d2e_denorm_low)
    _d2e_norm_op1                            0x08001baf   Thumb Code    96  btod.o(CL$$btod_d2e_norm_op1)
    __btod_div_common                        0x08001c0f   Thumb Code   696  btod.o(CL$$btod_div_common)
    _e2d                                     0x08001f49   Thumb Code   122  btod.o(CL$$btod_e2d)
    _e2e                                     0x08001fcd   Thumb Code   220  btod.o(CL$$btod_e2e)
    _btod_ediv                               0x080020a9   Thumb Code    42  btod.o(CL$$btod_ediv)
    _btod_edivd                              0x080020d3   Thumb Code    42  btod.o(CL$$btod_edivd)
    _btod_emul                               0x080020fd   Thumb Code    42  btod.o(CL$$btod_emul)
    _btod_emuld                              0x08002127   Thumb Code    42  btod.o(CL$$btod_emuld)
    __btod_mult_common                       0x08002151   Thumb Code   580  btod.o(CL$$btod_mult_common)
    OS_CPU_SR_Save                           0x08002395   Thumb Code     0  core.o(CODE)
    OS_CPU_SR_Restore                        0x0800239d   Thumb Code     0  core.o(CODE)
    OSCtxSw                                  0x080023a3   Thumb Code     0  core.o(CODE)
    OSStartHighRdy                           0x080023ad   Thumb Code     0  core.o(CODE)
    PendSV_Handler                           0x080023cd   Thumb Code     0  core.o(CODE)
    ADC1_Init                                0x08002425   Thumb Code   120  drive_adc.o(i.ADC1_Init)
    ADC_Cmd                                  0x080024a5   Thumb Code    22  stm32f4xx_adc.o(i.ADC_Cmd)
    ADC_CommonInit                           0x080024bd   Thumb Code    34  stm32f4xx_adc.o(i.ADC_CommonInit)
    ADC_GetConversionValue                   0x080024ed   Thumb Code     8  stm32f4xx_adc.o(i.ADC_GetConversionValue)
    ADC_GetFlagStatus                        0x080024f5   Thumb Code    18  stm32f4xx_adc.o(i.ADC_GetFlagStatus)
    ADC_Init                                 0x08002509   Thumb Code    74  stm32f4xx_adc.o(i.ADC_Init)
    ADC_RegularChannelConfig                 0x0800255d   Thumb Code   184  stm32f4xx_adc.o(i.ADC_RegularChannelConfig)
    ADC_Result_Get                           0x08002615   Thumb Code    68  drive_adc.o(i.ADC_Result_Get)
    ADC_SoftwareStartConv                    0x08002665   Thumb Code    10  stm32f4xx_adc.o(i.ADC_SoftwareStartConv)
    ADF4351Init                              0x0800266f   Thumb Code   200  drive_adf4351.o(i.ADF4351Init)
    ADF4351WriteFreq                         0x08002739   Thumb Code   460  drive_adf4351.o(i.ADF4351WriteFreq)
    ADF4351_Sweep_main                       0x0800293d   Thumb Code   194  app_adf4351_sweep.o(i.ADF4351_Sweep_main)
    ADF4351_main                             0x08002a21   Thumb Code    50  app_adf4351.o(i.ADF4351_main)
    ADF_Output_GPIOInit                      0x08002a59   Thumb Code    44  drive_adf4351.o(i.ADF_Output_GPIOInit)
    ADS1256ReadData                          0x08002a89   Thumb Code   114  drive_ads1256.o(i.ADS1256ReadData)
    ADS1256WREG                              0x08002b01   Thumb Code    74  drive_ads1256.o(i.ADS1256WREG)
    AF_Multi_Measuring                       0x08002cb9   Thumb Code  1846  app_freqana.o(i.AF_Multi_Measuring)
    BusFault_Handler                         0x08003455   Thumb Code     4  stm32f4xx_it.o(i.BusFault_Handler)
    Clear_Show                               0x08003459   Thumb Code    64  drive_touchkey.o(i.Clear_Show)
    DAC_Cmd                                  0x080034a9   Thumb Code    34  stm32f4xx_dac.o(i.DAC_Cmd)
    DAC_Init                                 0x080034d1   Thumb Code    46  stm32f4xx_dac.o(i.DAC_Init)
    DAC_SetChannel2Data                      0x08003505   Thumb Code    26  stm32f4xx_dac.o(i.DAC_SetChannel2Data)
    Dac2_Init                                0x08003525   Thumb Code    84  drive_dac.o(i.Dac2_Init)
    Dac2_Set_Vol                             0x0800357d   Thumb Code    14  drive_dac.o(i.Dac2_Set_Vol)
    DebugMon_Handler                         0x0800358b   Thumb Code     2  stm32f4xx_it.o(i.DebugMon_Handler)
    Draw_Graph                               0x0800359d   Thumb Code   834  os_ui.o(i.Draw_Graph)
    Draw_Grid                                0x080038e5   Thumb Code   990  os_ui.o(i.Draw_Grid)
    ESP8266_Client_Connect_Server            0x08003cc5   Thumb Code    82  drive_communication.o(i.ESP8266_Client_Connect_Server)
    EXTI0_IRQHandler                         0x08003d79   Thumb Code    10  drive_interrupt.o(i.EXTI0_IRQHandler)
    EXTI15_10_IRQHandler                     0x08003d83   Thumb Code    22  drive_interrupt.o(i.EXTI15_10_IRQHandler)
    EXTI1_IRQHandler                         0x08003d99   Thumb Code    18  drive_interrupt.o(i.EXTI1_IRQHandler)
    EXTI2_IRQHandler                         0x08003dab   Thumb Code    18  drive_interrupt.o(i.EXTI2_IRQHandler)
    EXTI3_IRQHandler                         0x08003dbd   Thumb Code    18  drive_interrupt.o(i.EXTI3_IRQHandler)
    EXTI4_IRQHandler                         0x08003dcf   Thumb Code    18  drive_interrupt.o(i.EXTI4_IRQHandler)
    EXTI9_5_IRQHandler                       0x08003de1   Thumb Code    18  drive_interrupt.o(i.EXTI9_5_IRQHandler)
    EXTI_ClearITPendingBit                   0x08003df5   Thumb Code     6  stm32f4xx_exti.o(i.EXTI_ClearITPendingBit)
    EXTI_GetITStatus                         0x08003e01   Thumb Code    20  stm32f4xx_exti.o(i.EXTI_GetITStatus)
    FSMC_NORSRAMCmd                          0x08003e19   Thumb Code    46  stm32f4xx_fsmc.o(i.FSMC_NORSRAMCmd)
    FSMC_NORSRAMInit                         0x08003e4d   Thumb Code   230  stm32f4xx_fsmc.o(i.FSMC_NORSRAMInit)
    FreqAna_main                             0x08003f35   Thumb Code   172  app_freqana.o(i.FreqAna_main)
    GPIO_Init                                0x0800408d   Thumb Code   144  stm32f4xx_gpio.o(i.GPIO_Init)
    GPIO_Key_Init                            0x0800411d   Thumb Code    54  drive_gpio.o(i.GPIO_Key_Init)
    GPIO_PinAFConfig                         0x0800415d   Thumb Code    70  stm32f4xx_gpio.o(i.GPIO_PinAFConfig)
    GPIO_ResetBits                           0x080041a3   Thumb Code     4  stm32f4xx_gpio.o(i.GPIO_ResetBits)
    GPIO_SetBits                             0x080041a7   Thumb Code     4  stm32f4xx_gpio.o(i.GPIO_SetBits)
    Get_Val                                  0x080041ad   Thumb Code    98  drive_ads1256.o(i.Get_Val)
    GridData_Init                            0x08004215   Thumb Code    92  app_freqana.o(i.GridData_Init)
    HardFault_Handler                        0x08004289   Thumb Code     4  stm32f4xx_it.o(i.HardFault_Handler)
    Key_Now_Get                              0x0800428d   Thumb Code   176  app_key.o(i.Key_Now_Get)
    Key_main                                 0x08004341   Thumb Code   452  app_key.o(i.Key_main)
    LCD_Clear                                0x08004511   Thumb Code    38  tft_lcd.o(i.LCD_Clear)
    LCD_CtrlLinesConfig                      0x0800453d   Thumb Code   322  tft_lcd.o(i.LCD_CtrlLinesConfig)
    LCD_DrawRectS                            0x08004691   Thumb Code    58  tft_lcd.o(i.LCD_DrawRectS)
    LCD_DrawuniLine                          0x080046d1   Thumb Code   286  tft_lcd.o(i.LCD_DrawuniLine)
    LCD_FSMCConfig                           0x080047ef   Thumb Code    94  tft_lcd.o(i.LCD_FSMCConfig)
    LCD_REG_Select                           0x0800484d   Thumb Code     8  tft_lcd.o(i.LCD_REG_Select)
    LCD_SetCursor                            0x08004855   Thumb Code    68  tft_lcd.o(i.LCD_SetCursor)
    LCD_SetDisplayWindow                     0x08004899   Thumb Code    76  tft_lcd.o(i.LCD_SetDisplayWindow)
    LCD_WriteRAM                             0x080048e5   Thumb Code     8  tft_lcd.o(i.LCD_WriteRAM)
    LCD_WriteRAM_Prepare                     0x080048ed   Thumb Code    10  tft_lcd.o(i.LCD_WriteRAM_Prepare)
    LED_Control                              0x080048f9   Thumb Code   152  app_led.o(i.LED_Control)
    LED_Init                                 0x0800499d   Thumb Code    70  drive_gpio.o(i.LED_Init)
    LED_main                                 0x080049ed   Thumb Code    40  app_led.o(i.LED_main)
    MemManage_Handler                        0x08004a19   Thumb Code     4  stm32f4xx_it.o(i.MemManage_Handler)
    NMI_Handler                              0x08004a1d   Thumb Code     2  stm32f4xx_it.o(i.NMI_Handler)
    NVIC_Init                                0x08004a21   Thumb Code   106  misc.o(i.NVIC_Init)
    OSDelPrioRdy                             0x08004a99   Thumb Code    16  os_cpu.o(i.OSDelPrioRdy)
    OSGetHighRdy                             0x08004aad   Thumb Code    32  os_cpu.o(i.OSGetHighRdy)
    OSSetPrioRdy                             0x08004ad5   Thumb Code    16  os_cpu.o(i.OSSetPrioRdy)
    OSTaskRecovery                           0x08004ae9   Thumb Code   108  os_cpu.o(i.OSTaskRecovery)
    OSTaskSuspend                            0x08004b5d   Thumb Code    90  os_cpu.o(i.OSTaskSuspend)
    OSTimeDly                                0x08004bc5   Thumb Code    50  os_cpu.o(i.OSTimeDly)
    OS_Char_Show                             0x08004c01   Thumb Code   266  os_ui.o(i.OS_Char_Show)
    OS_Font_Show                             0x08004d21   Thumb Code   192  os_ui.o(i.OS_Font_Show)
    OS_HzMat_Get                             0x08004de9   Thumb Code   218  os_ui.o(i.OS_HzMat_Get)
    OS_IDLE_Task                             0x08004ec9   Thumb Code     8  os_cpu.o(i.OS_IDLE_Task)
    OS_Init                                  0x08004ed1   Thumb Code    48  main.o(i.OS_Init)
    OS_LCD_Clear                             0x08004f01   Thumb Code    14  os_ui.o(i.OS_LCD_Clear)
    OS_LCD_Init                              0x08004f11   Thumb Code    60  os_ui.o(i.OS_LCD_Init)
    OS_Line_Draw                             0x08004f65   Thumb Code   198  os_ui.o(i.OS_Line_Draw)
    OS_Num_Show                              0x0800502d   Thumb Code    92  os_ui.o(i.OS_Num_Show)
    OS_Point_Draw                            0x0800508d   Thumb Code    30  os_ui.o(i.OS_Point_Draw)
    OS_Rect_Draw                             0x080050ad   Thumb Code   146  os_ui.o(i.OS_Rect_Draw)
    OS_Sched                                 0x08005145   Thumb Code    68  os_cpu.o(i.OS_Sched)
    OS_SchedLock                             0x0800519d   Thumb Code    22  os_cpu.o(i.OS_SchedLock)
    OS_SchedUnlock                           0x080051b9   Thumb Code    22  os_cpu.o(i.OS_SchedUnlock)
    OS_Start                                 0x080051d5   Thumb Code    66  os_cpu.o(i.OS_Start)
    OS_String_Show                           0x0800523d   Thumb Code   124  os_ui.o(i.OS_String_Show)
    PID_Init                                 0x080052b9   Thumb Code    72  app_switch.o(i.PID_Init)
    PutPixel                                 0x0800531d   Thumb Code    28  tft_lcd.o(i.PutPixel)
    RCC_AHB1PeriphClockCmd                   0x0800533d   Thumb Code    26  stm32f4xx_rcc.o(i.RCC_AHB1PeriphClockCmd)
    RCC_AHB3PeriphClockCmd                   0x0800535d   Thumb Code    26  stm32f4xx_rcc.o(i.RCC_AHB3PeriphClockCmd)
    RCC_APB1PeriphClockCmd                   0x0800537d   Thumb Code    26  stm32f4xx_rcc.o(i.RCC_APB1PeriphClockCmd)
    RCC_APB2PeriphClockCmd                   0x0800539d   Thumb Code    26  stm32f4xx_rcc.o(i.RCC_APB2PeriphClockCmd)
    RCC_APB2PeriphResetCmd                   0x080053bd   Thumb Code    26  stm32f4xx_rcc.o(i.RCC_APB2PeriphResetCmd)
    RCC_GetClocksFreq                        0x080053dd   Thumb Code   214  stm32f4xx_rcc.o(i.RCC_GetClocksFreq)
    SPI1_Init                                0x080054c5   Thumb Code   198  spi.o(i.SPI1_Init)
    SPI1_ReadWriteByte                       0x08005599   Thumb Code    50  spi.o(i.SPI1_ReadWriteByte)
    SPI1_SetSpeed                            0x080055d1   Thumb Code    36  spi.o(i.SPI1_SetSpeed)
    SPI_Cmd                                  0x080055f9   Thumb Code    24  stm32f4xx_spi.o(i.SPI_Cmd)
    SPI_I2S_GetFlagStatus                    0x08005611   Thumb Code    18  stm32f4xx_spi.o(i.SPI_I2S_GetFlagStatus)
    SPI_I2S_ReceiveData                      0x08005623   Thumb Code     6  stm32f4xx_spi.o(i.SPI_I2S_ReceiveData)
    SPI_I2S_SendData                         0x08005629   Thumb Code     4  stm32f4xx_spi.o(i.SPI_I2S_SendData)
    SPI_Init                                 0x0800562d   Thumb Code    60  stm32f4xx_spi.o(i.SPI_Init)
    SPI_ReadByte                             0x08005669   Thumb Code    68  drive_ads1256.o(i.SPI_ReadByte)
    SPI_WriteByte                            0x080056b1   Thumb Code    80  drive_ads1256.o(i.SPI_WriteByte)
    SVC_Handler                              0x08005705   Thumb Code     2  stm32f4xx_it.o(i.SVC_Handler)
    Show_Label                               0x080057f5   Thumb Code   772  os_ui.o(i.Show_Label)
    Start_Meum                               0x08005b3d   Thumb Code   602  app_adf4351.o(i.Start_Meum)
    Switch_main                              0x08005e41   Thumb Code   246  app_switch.o(i.Switch_main)
    SysTick_CLKSourceConfig                  0x08005f55   Thumb Code    40  misc.o(i.SysTick_CLKSourceConfig)
    SysTick_Handler                          0x08005f7d   Thumb Code   120  os_cpu.o(i.SysTick_Handler)
    SystemInit                               0x08006001   Thumb Code    88  system_stm32f4xx.o(i.SystemInit)
    System_init                              0x08006069   Thumb Code    76  os_cpu.o(i.System_init)
    TFT_LCD_Init                             0x080060c5   Thumb Code   496  tft_lcd.o(i.TFT_LCD_Init)
    TIM1_BRK_TIM9_IRQHandler                 0x080062b5   Thumb Code    22  drive_interrupt.o(i.TIM1_BRK_TIM9_IRQHandler)
    TIM1_TRG_COM_TIM11_IRQHandler            0x080062d1   Thumb Code    22  drive_interrupt.o(i.TIM1_TRG_COM_TIM11_IRQHandler)
    TIM1_UP_TIM10_IRQHandler                 0x080062ed   Thumb Code    22  drive_interrupt.o(i.TIM1_UP_TIM10_IRQHandler)
    TIM2_IRQHandler                          0x08006309   Thumb Code    22  drive_interrupt.o(i.TIM2_IRQHandler)
    TIM3_IRQHandler                          0x08006321   Thumb Code    22  drive_interrupt.o(i.TIM3_IRQHandler)
    TIM4_IRQHandler                          0x0800633d   Thumb Code    34  drive_interrupt.o(i.TIM4_IRQHandler)
    TIM5_IRQHandler                          0x08006365   Thumb Code    42  drive_interrupt.o(i.TIM5_IRQHandler)
    TIM6_DAC_IRQHandler                      0x08006395   Thumb Code    22  drive_interrupt.o(i.TIM6_DAC_IRQHandler)
    TIM7_IRQHandler                          0x080063b1   Thumb Code    22  drive_interrupt.o(i.TIM7_IRQHandler)
    TIM8_BRK_TIM12_IRQHandler                0x080063cd   Thumb Code    22  drive_interrupt.o(i.TIM8_BRK_TIM12_IRQHandler)
    TIM8_TRG_COM_TIM14_IRQHandler            0x080063e9   Thumb Code    22  drive_interrupt.o(i.TIM8_TRG_COM_TIM14_IRQHandler)
    TIM8_UP_TIM13_IRQHandler                 0x08006405   Thumb Code    22  drive_interrupt.o(i.TIM8_UP_TIM13_IRQHandler)
    TIM_ClearITPendingBit                    0x08006421   Thumb Code     6  stm32f4xx_tim.o(i.TIM_ClearITPendingBit)
    TIM_GetITStatus                          0x08006427   Thumb Code    34  stm32f4xx_tim.o(i.TIM_GetITStatus)
    Task_Create                              0x08006449   Thumb Code   486  os_cpu.o(i.Task_Create)
    Task_End                                 0x08006639   Thumb Code     4  os_cpu.o(i.Task_End)
    TouchKey_Draw                            0x0800663d   Thumb Code   664  drive_touchkey.o(i.TouchKey_Draw)
    TouchKey_Scan                            0x08006921   Thumb Code  1338  drive_touchkey.o(i.TouchKey_Scan)
    TouchRead                                0x08006e81   Thumb Code   172  drive_touch.o(i.TouchRead)
    Touch_Clear                              0x08006f2d   Thumb Code    16  app_touch.o(i.Touch_Clear)
    Touch_Handle                             0x08006f41   Thumb Code  1190  app_adf4351.o(i.Touch_Handle)
    Touch_Init                               0x080073e7   Thumb Code     8  drive_touch.o(i.Touch_Init)
    Touch_Judge                              0x080073f1   Thumb Code    90  app_touch.o(i.Touch_Judge)
    Touch_main                               0x08007451   Thumb Code   132  app_touch.o(i.Touch_main)
    USART1_IRQHandler                        0x080074e1   Thumb Code   190  usart.o(i.USART1_IRQHandler)
    USART_Cmd                                0x080075b9   Thumb Code    24  stm32f4xx_usart.o(i.USART_Cmd)
    USART_GetFlagStatus                      0x080075d1   Thumb Code    26  stm32f4xx_usart.o(i.USART_GetFlagStatus)
    USART_GetITStatus                        0x080075eb   Thumb Code    84  stm32f4xx_usart.o(i.USART_GetITStatus)
    USART_ITConfig                           0x0800763f   Thumb Code    74  stm32f4xx_usart.o(i.USART_ITConfig)
    USART_Init                               0x08007689   Thumb Code   204  stm32f4xx_usart.o(i.USART_Init)
    USART_ReceiveData                        0x0800775d   Thumb Code    10  stm32f4xx_usart.o(i.USART_ReceiveData)
    USART_SendData                           0x08007767   Thumb Code     8  stm32f4xx_usart.o(i.USART_SendData)
    UsageFault_Handler                       0x0800776f   Thumb Code     4  stm32f4xx_it.o(i.UsageFault_Handler)
    W25Q64_Init                              0x08007775   Thumb Code   106  w25q64.o(i.W25Q64_Init)
    W25Q64_Read                              0x080077ed   Thumb Code    82  w25q64.o(i.W25Q64_Read)
    W25Q64_ReadID                            0x08007845   Thumb Code    70  w25q64.o(i.W25Q64_ReadID)
    WriteOneRegToADF4351                     0x08007891   Thumb Code    42  drive_adf4351.o(i.WriteOneRegToADF4351)
    WriteToADF4351                           0x080078bd   Thumb Code   176  drive_adf4351.o(i.WriteToADF4351)
    __ARM_fpclassify                         0x08007975   Thumb Code    48  fpclassify.o(i.__ARM_fpclassify)
    __ARM_fpclassifyf                        0x080079a5   Thumb Code    38  fpclassifyf.o(i.__ARM_fpclassifyf)
    __hardfp___mathlib_tofloat               0x080079d1   Thumb Code   232  narrow.o(i.__hardfp___mathlib_tofloat)
    __hardfp_atof                            0x08007ac9   Thumb Code    44  atof.o(i.__hardfp_atof)
    __hardfp_ldexp                           0x08007b01   Thumb Code   200  ldexp.o(i.__hardfp_ldexp)
    __hardfp_log10f                          0x08007bd1   Thumb Code   332  log10f.o(i.__hardfp_log10f)
    __hardfp_powf                            0x08007d51   Thumb Code  1606  powf.o(i.__hardfp_powf)
    __mathlib_powf                           0x08007d51   Thumb Code     0  powf.o(i.__hardfp_powf)
    __mathlib_dbl_overflow                   0x080083b9   Thumb Code    24  dunder.o(i.__mathlib_dbl_overflow)
    __mathlib_dbl_underflow                  0x080083d9   Thumb Code    24  dunder.o(i.__mathlib_dbl_underflow)
    __mathlib_flt_divzero                    0x080083f9   Thumb Code    14  funder.o(i.__mathlib_flt_divzero)
    __mathlib_flt_infnan                     0x0800840d   Thumb Code     6  funder.o(i.__mathlib_flt_infnan)
    __mathlib_flt_infnan2                    0x08008413   Thumb Code     6  funder.o(i.__mathlib_flt_infnan2)
    __mathlib_flt_invalid                    0x08008419   Thumb Code    10  funder.o(i.__mathlib_flt_invalid)
    __mathlib_flt_overflow                   0x08008429   Thumb Code    10  funder.o(i.__mathlib_flt_overflow)
    __mathlib_flt_underflow                  0x08008439   Thumb Code    10  funder.o(i.__mathlib_flt_underflow)
    __mathlib_narrow                         0x08008449   Thumb Code    18  narrow.o(i.__mathlib_narrow)
    __support_ldexp                          0x0800845b   Thumb Code    20  ldexp.o(i.__support_ldexp)
    _is_digit                                0x0800846f   Thumb Code    14  __printf_wp.o(i._is_digit)
    _sys_exit                                0x0800847d   Thumb Code     4  usart.o(i._sys_exit)
    atk_8266_check_cmd                       0x08008481   Thumb Code    44  usart.o(i.atk_8266_check_cmd)
    atk_8266_send_cmd                        0x080084b5   Thumb Code    84  usart.o(i.atk_8266_send_cmd)
    delay_ms                                 0x08008551   Thumb Code    60  delay.o(i.delay_ms)
    delay_us                                 0x08008595   Thumb Code    92  delay.o(i.delay_us)
    font_init                                0x080085f5   Thumb Code    64  fontupd.o(i.font_init)
    fputc                                    0x08008639   Thumb Code    22  usart.o(i.fputc)
    frexp                                    0x08008659   Thumb Code   118  frexp.o(i.frexp)
    main                                     0x080086e5   Thumb Code    90  main.o(i.main)
    pid_calc                                 0x08008779   Thumb Code   150  drive_pid.o(i.pid_calc)
    pid_init                                 0x08008811   Thumb Code   180  drive_pid.o(i.pid_init)
    pid_reset                                0x080088c9   Thumb Code   122  drive_pid.o(i.pid_reset)
    sendData                                 0x08008949   Thumb Code   110  drive_communication.o(i.sendData)
    uart_init                                0x080089d5   Thumb Code   164  usart.o(i.uart_init)
    _get_lc_numeric                          0x08008ab1   Thumb Code    44  lc_numeric_c.o(locale$$code)
    _get_lc_ctype                            0x08008add   Thumb Code    44  lc_ctype_c.o(locale$$code)
    __aeabi_d2f                              0x08008b09   Thumb Code     0  d2f.o(x$fpl$d2f)
    _d2f                                     0x08008b09   Thumb Code    98  d2f.o(x$fpl$d2f)
    __aeabi_dadd                             0x08008b6d   Thumb Code     0  daddsub_clz.o(x$fpl$dadd)
    _dadd                                    0x08008b6d   Thumb Code   332  daddsub_clz.o(x$fpl$dadd)
    __fpl_dcheck_NaN1                        0x08008cbd   Thumb Code    10  dcheck1.o(x$fpl$dcheck1)
    __fpl_dcmp_Inf                           0x08008ccd   Thumb Code    24  dcmpi.o(x$fpl$dcmpinf)
    __aeabi_ddiv                             0x08008ce5   Thumb Code     0  ddiv.o(x$fpl$ddiv)
    _ddiv                                    0x08008ce5   Thumb Code   552  ddiv.o(x$fpl$ddiv)
    __aeabi_cdcmpeq                          0x08008f95   Thumb Code     0  deqf.o(x$fpl$deqf)
    _dcmpeq                                  0x08008f95   Thumb Code   120  deqf.o(x$fpl$deqf)
    __aeabi_d2uiz                            0x0800900d   Thumb Code     0  dfixu.o(x$fpl$dfixu)
    _dfixu                                   0x0800900d   Thumb Code    90  dfixu.o(x$fpl$dfixu)
    __aeabi_i2d                              0x08009067   Thumb Code     0  dflt_clz.o(x$fpl$dflt)
    _dflt                                    0x08009067   Thumb Code    46  dflt_clz.o(x$fpl$dflt)
    __aeabi_ui2d                             0x08009095   Thumb Code     0  dflt_clz.o(x$fpl$dfltu)
    _dfltu                                   0x08009095   Thumb Code    38  dflt_clz.o(x$fpl$dfltu)
    __aeabi_cdcmple                          0x080090bd   Thumb Code     0  dleqf.o(x$fpl$dleqf)
    _dcmple                                  0x080090bd   Thumb Code   120  dleqf.o(x$fpl$dleqf)
    __fpl_dcmple_InfNaN                      0x0800911f   Thumb Code     0  dleqf.o(x$fpl$dleqf)
    __aeabi_dmul                             0x08009135   Thumb Code     0  dmul.o(x$fpl$dmul)
    _dmul                                    0x08009135   Thumb Code   332  dmul.o(x$fpl$dmul)
    __fpl_dnaninf                            0x08009289   Thumb Code   156  dnaninf.o(x$fpl$dnaninf)
    __fpl_dretinf                            0x08009325   Thumb Code    12  dretinf.o(x$fpl$dretinf)
    __aeabi_cdrcmple                         0x08009331   Thumb Code     0  drleqf.o(x$fpl$drleqf)
    _drcmple                                 0x08009331   Thumb Code   108  drleqf.o(x$fpl$drleqf)
    __aeabi_drsub                            0x0800939d   Thumb Code     0  daddsub_clz.o(x$fpl$drsb)
    _drsb                                    0x0800939d   Thumb Code    22  daddsub_clz.o(x$fpl$drsb)
    __aeabi_dsub                             0x080093b5   Thumb Code     0  daddsub_clz.o(x$fpl$dsub)
    _dsub                                    0x080093b5   Thumb Code   464  daddsub_clz.o(x$fpl$dsub)
    __aeabi_f2d                              0x08009589   Thumb Code     0  f2d.o(x$fpl$f2d)
    _f2d                                     0x08009589   Thumb Code    86  f2d.o(x$fpl$f2d)
    __fpl_fnaninf                            0x080095df   Thumb Code   140  fnaninf.o(x$fpl$fnaninf)
    _fp_init                                 0x0800966b   Thumb Code    10  fpinit.o(x$fpl$fpinit)
    __fplib_config_fpu_vfp                   0x08009673   Thumb Code     0  fpinit.o(x$fpl$fpinit)
    __fplib_config_pureend_doubles           0x08009673   Thumb Code     0  fpinit.o(x$fpl$fpinit)
    __fpl_fretinf                            0x08009675   Thumb Code    10  fretinf.o(x$fpl$fretinf)
    __ieee_status                            0x0800967f   Thumb Code     6  istatus.o(x$fpl$ieeestatus)
    _printf_fp_dec                           0x08009685   Thumb Code     4  printf1.o(x$fpl$printf1)
    _printf_fp_hex                           0x08009689   Thumb Code     4  printf2.o(x$fpl$printf2)
    __fpl_return_NaN                         0x0800968d   Thumb Code   100  retnan.o(x$fpl$retnan)
    __ARM_scalbn                             0x080096f1   Thumb Code    92  scalbn.o(x$fpl$scalbn)
    _scanf_real                              0x0800974d   Thumb Code     4  scanf1.o(x$fpl$scanf1)
    _scanf_hex_real                          0x08009751   Thumb Code     4  scanf2.o(x$fpl$scanf2)
    _scanf_infnan                            0x08009755   Thumb Code     4  scanf2.o(x$fpl$scanf2)
    __fpl_cmpreturn                          0x08009759   Thumb Code    48  trapv.o(x$fpl$trapveneer)
    Font_1608                                0x08009788   Data        6080  fonts.o(.constdata)
    __I$use$fp                               0x08009788   Number         0  usenofp.o(x$fpl$usenofp)
    Font_1608x                               0x0800af48   Data        6080  fonts.o(.constdata)
    Font_3216                                0x0800c708   Data        6080  fonts.o(.constdata)
    Font_2412                                0x0800dec8   Data       12480  fonts.o(.constdata)
    asc2_1608                                0x08010f88   Data        1520  fonts.o(.constdata)
    asc2_2412                                0x08011578   Data        3420  fonts.o(.constdata)
    asc2_3216                                0x080122d4   Data        6080  fonts.o(.constdata)
    Region$$Table$$Base                      0x08013ce4   Number         0  anon$$obj.o(Region$$Table)
    Region$$Table$$Limit                     0x08013d04   Number         0  anon$$obj.o(Region$$Table)
    __aeabi_HUGE_VAL                         0x08013d04   Data           0  fpconst.o(c$$dinf)
    __aeabi_HUGE_VALL                        0x08013d04   Data           0  fpconst.o(c$$dinf)
    __aeabi_INFINITY                         0x08013d04   Data           0  fpconst.o(c$$dinf)
    __dInf                                   0x08013d04   Data           0  fpconst.o(c$$dinf)
    __huge_val                               0x08013d04   Data           0  fpconst.o(c$$dinf)
    __dbl_max                                0x08013d0c   Data           0  fpconst.o(c$$dmax)
    __ctype                                  0x08013d3d   Data           0  lc_ctype_c.o(locale$$data)
    mem3base                                 0x10000000   Data       61440  os_malloc.o(.ARM.__AT_0x10000000)
    mem3mapbase                              0x1000f000   Data        3840  os_malloc.o(.ARM.__AT_0x1000F000)
    SetChoose                                0x20000008   Data           1  app_adf4351.o(.data)
    ADF4351_Sweep                            0x20000009   Data           1  app_adf4351.o(.data)
    Sweep_Time                               0x2000000a   Data           2  app_adf4351.o(.data)
    Wave_Vol                                 0x2000000c   Data           2  app_adf4351.o(.data)
    Data                                     0x20000010   Data           8  app_adf4351.o(.data)
    Out_Freq                                 0x20000018   Data           8  app_adf4351.o(.data)
    Step_Freq                                0x20000020   Data           8  app_adf4351.o(.data)
    Start_Freq                               0x20000028   Data           8  app_adf4351.o(.data)
    Stop_Freq                                0x20000030   Data           8  app_adf4351.o(.data)
    Divisor                                  0x20000038   Data           8  app_adf4351.o(.data)
    CPU_ExceptStkBase                        0x20000054   Data           4  os_cpu.o(.data)
    p_TCB_Cur                                0x20000058   Data           4  os_cpu.o(.data)
    p_TCBHightRdy                            0x2000005c   Data           4  os_cpu.o(.data)
    OS_PrioCur                               0x20000060   Data           1  os_cpu.o(.data)
    OS_PrioHighRdy                           0x20000061   Data           1  os_cpu.o(.data)
    OSRdyTbl                                 0x20000064   Data           4  os_cpu.o(.data)
    fac_ms                                   0x20000068   Data           4  os_cpu.o(.data)
    fac_us                                   0x2000006c   Data           4  os_cpu.o(.data)
    OS_Running                               0x20000070   Data           1  os_cpu.o(.data)
    Sched_flag                               0x20000071   Data           1  os_cpu.o(.data)
    __stdout                                 0x20000074   Data           4  usart.o(.data)
    USART_RX_STA                             0x20000078   Data           2  usart.o(.data)
    start_x                                  0x2000007e   Data           2  drive_touchkey.o(.data)
    start_y                                  0x20000080   Data           2  drive_touchkey.o(.data)
    shift_x                                  0x20000082   Data           2  drive_touchkey.o(.data)
    shift_y                                  0x20000084   Data           2  drive_touchkey.o(.data)
    Font16x08                                0x2000008c   Data           8  fonts.o(.data)
    Font24x12                                0x20000094   Data           8  fonts.o(.data)
    Font16x08x                               0x2000009c   Data           8  fonts.o(.data)
    Font32x16                                0x200000a4   Data           8  fonts.o(.data)
    TextColor                                0x200000b0   Data           2  tft_lcd.o(.data)
    BackColor                                0x200000b2   Data           2  tft_lcd.o(.data)
    W25Q64_TYPE                              0x200000b4   Data           2  w25q64.o(.data)
    SystemCoreClock                          0x200000c8   Data           4  system_stm32f4xx.o(.data)
    AHBPrescTable                            0x200000cc   Data          16  system_stm32f4xx.o(.data)
    TouchStruct                              0x200000dc   Data          14  app_touch.o(.bss)
    Key                                      0x200000ea   Data          18  app_key.o(.bss)
    Pid_data                                 0x200000fc   Data          60  app_switch.o(.bss)
    GridData                                 0x20000138   Data        3276  app_freqana.o(.bss)
    SignalData                               0x20000e04   Data       18600  app_freqana.o(.bss)
    TASK_0_STK                               0x200056ac   Data         256  main.o(.bss)
    TASK_1_STK                               0x200057ac   Data         512  main.o(.bss)
    TASK_2_STK                               0x200059ac   Data         512  main.o(.bss)
    TASK_3_STK                               0x20005bac   Data        1024  main.o(.bss)
    TASK_4_STK                               0x20005fac   Data       16384  main.o(.bss)
    TASK_5_STK                               0x20009fac   Data        1024  main.o(.bss)
    TASK_6_STK                               0x2000a3ac   Data       64000  main.o(.bss)
    EXTR_STK                                 0x20019dac   Data         336  main.o(.bss)
    CPU_ExceptStk                            0x20019efc   Data         512  os_cpu.o(.bss)
    IDLE_STK                                 0x2001a0fc   Data         256  os_cpu.o(.bss)
    TCB_Task                                 0x2001a1fc   Data         384  os_cpu.o(.bss)
    USART_RX_BUF                             0x2001a37c   Data         200  usart.o(.bss)
    communicationData                        0x2001a46c   Data        2097  drive_communication.o(.bss)
    ftinfo                                   0x2001ac9d   Data          33  fontupd.o(.bss)
    __libspace_start                         0x2001acc0   Data          96  libspace.o(.bss)
    __temporary_stack_top$libspace           0x2001ad20   Data           0  libspace.o(.bss)
    mem2base                                 0x68000000   Data       983040  os_malloc.o(.ARM.__AT_0x68000000)
    mem2mapbase                              0x680f0000   Data       61440  os_malloc.o(.ARM.__AT_0x680F0000)



==============================================================================

Memory Map of the image

  Image Entry point : 0x08000189

  Load Region LR_IROM1 (Base: 0x08000000, Size: 0x00013f1c, Max: 0x00100000, ABSOLUTE)

    Execution Region ER_IROM1 (Exec base: 0x08000000, Load base: 0x08000000, Size: 0x00013e40, Max: 0x00100000, ABSOLUTE)

    Exec Addr    Load Addr    Size         Type   Attr      Idx    E Section Name        Object

    0x08000000   0x08000000   0x00000188   Data   RO         5424    RESET               startup_stm32f40_41xxx.o
    0x08000188   0x08000188   0x00000008   Code   RO         5483  * !!!main             c_w.l(__main.o)
    0x08000190   0x08000190   0x00000034   Code   RO         5949    !!!scatter          c_w.l(__scatter.o)
    0x080001c4   0x080001c4   0x0000001a   Code   RO         5951    !!handler_copy      c_w.l(__scatter_copy.o)
    0x080001de   0x080001de   0x00000002   PAD
    0x080001e0   0x080001e0   0x0000001c   Code   RO         5953    !!handler_zi        c_w.l(__scatter_zi.o)
    0x080001fc   0x080001fc   0x00000000   Code   RO         5474    .ARM.Collect$$_printf_percent$$00000000  c_w.l(_printf_percent.o)
    0x080001fc   0x080001fc   0x00000006   Code   RO         5470    .ARM.Collect$$_printf_percent$$00000003  c_w.l(_printf_f.o)
    0x08000202   0x08000202   0x00000006   Code   RO         5471    .ARM.Collect$$_printf_percent$$00000004  c_w.l(_printf_e.o)
    0x08000208   0x08000208   0x00000006   Code   RO         5472    .ARM.Collect$$_printf_percent$$00000005  c_w.l(_printf_g.o)
    0x0800020e   0x0800020e   0x00000006   Code   RO         5473    .ARM.Collect$$_printf_percent$$00000006  c_w.l(_printf_a.o)
    0x08000214   0x08000214   0x00000006   Code   RO         5469    .ARM.Collect$$_printf_percent$$00000014  c_w.l(_printf_s.o)
    0x0800021a   0x0800021a   0x00000004   Code   RO         5599    .ARM.Collect$$_printf_percent$$00000017  c_w.l(_printf_percent_end.o)
    0x0800021e   0x0800021e   0x00000002   Code   RO         5766    .ARM.Collect$$libinit$$00000000  c_w.l(libinit.o)
    0x08000220   0x08000220   0x00000004   Code   RO         5767    .ARM.Collect$$libinit$$00000001  c_w.l(libinit2.o)
    0x08000224   0x08000224   0x00000000   Code   RO         5770    .ARM.Collect$$libinit$$00000004  c_w.l(libinit2.o)
    0x08000224   0x08000224   0x00000000   Code   RO         5773    .ARM.Collect$$libinit$$0000000A  c_w.l(libinit2.o)
    0x08000224   0x08000224   0x00000000   Code   RO         5775    .ARM.Collect$$libinit$$0000000C  c_w.l(libinit2.o)
    0x08000224   0x08000224   0x00000000   Code   RO         5777    .ARM.Collect$$libinit$$0000000E  c_w.l(libinit2.o)
    0x08000224   0x08000224   0x00000006   Code   RO         5778    .ARM.Collect$$libinit$$0000000F  c_w.l(libinit2.o)
    0x0800022a   0x0800022a   0x00000000   Code   RO         5780    .ARM.Collect$$libinit$$00000011  c_w.l(libinit2.o)
    0x0800022a   0x0800022a   0x0000000c   Code   RO         5781    .ARM.Collect$$libinit$$00000012  c_w.l(libinit2.o)
    0x08000236   0x08000236   0x00000000   Code   RO         5782    .ARM.Collect$$libinit$$00000013  c_w.l(libinit2.o)
    0x08000236   0x08000236   0x00000000   Code   RO         5784    .ARM.Collect$$libinit$$00000015  c_w.l(libinit2.o)
    0x08000236   0x08000236   0x0000000a   Code   RO         5785    .ARM.Collect$$libinit$$00000016  c_w.l(libinit2.o)
    0x08000240   0x08000240   0x00000000   Code   RO         5786    .ARM.Collect$$libinit$$00000017  c_w.l(libinit2.o)
    0x08000240   0x08000240   0x00000000   Code   RO         5788    .ARM.Collect$$libinit$$00000019  c_w.l(libinit2.o)
    0x08000240   0x08000240   0x00000000   Code   RO         5790    .ARM.Collect$$libinit$$0000001B  c_w.l(libinit2.o)
    0x08000240   0x08000240   0x00000000   Code   RO         5792    .ARM.Collect$$libinit$$0000001D  c_w.l(libinit2.o)
    0x08000240   0x08000240   0x00000000   Code   RO         5794    .ARM.Collect$$libinit$$0000001F  c_w.l(libinit2.o)
    0x08000240   0x08000240   0x00000000   Code   RO         5796    .ARM.Collect$$libinit$$00000021  c_w.l(libinit2.o)
    0x08000240   0x08000240   0x00000000   Code   RO         5798    .ARM.Collect$$libinit$$00000023  c_w.l(libinit2.o)
    0x08000240   0x08000240   0x00000000   Code   RO         5800    .ARM.Collect$$libinit$$00000025  c_w.l(libinit2.o)
    0x08000240   0x08000240   0x00000000   Code   RO         5804    .ARM.Collect$$libinit$$0000002C  c_w.l(libinit2.o)
    0x08000240   0x08000240   0x00000000   Code   RO         5806    .ARM.Collect$$libinit$$0000002E  c_w.l(libinit2.o)
    0x08000240   0x08000240   0x00000000   Code   RO         5808    .ARM.Collect$$libinit$$00000030  c_w.l(libinit2.o)
    0x08000240   0x08000240   0x00000000   Code   RO         5810    .ARM.Collect$$libinit$$00000032  c_w.l(libinit2.o)
    0x08000240   0x08000240   0x00000002   Code   RO         5811    .ARM.Collect$$libinit$$00000033  c_w.l(libinit2.o)
    0x08000242   0x08000242   0x00000002   Code   RO         5888    .ARM.Collect$$libshutdown$$00000000  c_w.l(libshutdown.o)
    0x08000244   0x08000244   0x00000000   Code   RO         5923    .ARM.Collect$$libshutdown$$00000002  c_w.l(libshutdown2.o)
    0x08000244   0x08000244   0x00000000   Code   RO         5925    .ARM.Collect$$libshutdown$$00000004  c_w.l(libshutdown2.o)
    0x08000244   0x08000244   0x00000000   Code   RO         5928    .ARM.Collect$$libshutdown$$00000007  c_w.l(libshutdown2.o)
    0x08000244   0x08000244   0x00000000   Code   RO         5931    .ARM.Collect$$libshutdown$$0000000A  c_w.l(libshutdown2.o)
    0x08000244   0x08000244   0x00000000   Code   RO         5933    .ARM.Collect$$libshutdown$$0000000C  c_w.l(libshutdown2.o)
    0x08000244   0x08000244   0x00000000   Code   RO         5936    .ARM.Collect$$libshutdown$$0000000F  c_w.l(libshutdown2.o)
    0x08000244   0x08000244   0x00000002   Code   RO         5937    .ARM.Collect$$libshutdown$$00000010  c_w.l(libshutdown2.o)
    0x08000246   0x08000246   0x00000000   Code   RO         5579    .ARM.Collect$$rtentry$$00000000  c_w.l(__rtentry.o)
    0x08000246   0x08000246   0x00000000   Code   RO         5660    .ARM.Collect$$rtentry$$00000002  c_w.l(__rtentry2.o)
    0x08000246   0x08000246   0x00000006   Code   RO         5672    .ARM.Collect$$rtentry$$00000004  c_w.l(__rtentry4.o)
    0x0800024c   0x0800024c   0x00000000   Code   RO         5662    .ARM.Collect$$rtentry$$00000009  c_w.l(__rtentry2.o)
    0x0800024c   0x0800024c   0x00000004   Code   RO         5663    .ARM.Collect$$rtentry$$0000000A  c_w.l(__rtentry2.o)
    0x08000250   0x08000250   0x00000000   Code   RO         5665    .ARM.Collect$$rtentry$$0000000C  c_w.l(__rtentry2.o)
    0x08000250   0x08000250   0x00000008   Code   RO         5666    .ARM.Collect$$rtentry$$0000000D  c_w.l(__rtentry2.o)
    0x08000258   0x08000258   0x00000002   Code   RO         5812    .ARM.Collect$$rtexit$$00000000  c_w.l(rtexit.o)
    0x0800025a   0x0800025a   0x00000000   Code   RO         5846    .ARM.Collect$$rtexit$$00000002  c_w.l(rtexit2.o)
    0x0800025a   0x0800025a   0x00000004   Code   RO         5847    .ARM.Collect$$rtexit$$00000003  c_w.l(rtexit2.o)
    0x0800025e   0x0800025e   0x00000006   Code   RO         5848    .ARM.Collect$$rtexit$$00000004  c_w.l(rtexit2.o)
    0x08000264   0x08000264   0x0000003c   Code   RO         5425    .text               startup_stm32f40_41xxx.o
    0x080002a0   0x080002a0   0x00000002   Code   RO         5431    .text               c_w.l(use_no_semi_2.o)
    0x080002a2   0x080002a2   0x00000002   PAD
    0x080002a4   0x080002a4   0x00000018   Code   RO         5439    .text               c_w.l(noretval__2printf.o)
    0x080002bc   0x080002bc   0x00000028   Code   RO         5441    .text               c_w.l(noretval__2sprintf.o)
    0x080002e4   0x080002e4   0x0000004e   Code   RO         5445    .text               c_w.l(_printf_pad.o)
    0x08000332   0x08000332   0x00000052   Code   RO         5447    .text               c_w.l(_printf_str.o)
    0x08000384   0x08000384   0x00000188   Code   RO         5466    .text               c_w.l(__printf_flags_ss_wp.o)
    0x0800050c   0x0800050c   0x00000024   Code   RO         5475    .text               c_w.l(strstr.o)
    0x08000530   0x08000530   0x00000064   Code   RO         5477    .text               c_w.l(rt_memcpy_w.o)
    0x08000594   0x08000594   0x0000004e   Code   RO         5479    .text               c_w.l(rt_memclr_w.o)
    0x080005e2   0x080005e2   0x00000006   Code   RO         5481    .text               c_w.l(heapauxi.o)
    0x080005e8   0x080005e8   0x00000002   Code   RO         5577    .text               c_w.l(use_no_semi.o)
    0x080005ea   0x080005ea   0x00000016   Code   RO         5584    .text               c_w.l(_rserrno.o)
    0x08000600   0x08000600   0x0000041e   Code   RO         5586    .text               c_w.l(_printf_fp_dec.o)
    0x08000a1e   0x08000a1e   0x00000002   PAD
    0x08000a20   0x08000a20   0x000002fc   Code   RO         5588    .text               c_w.l(_printf_fp_hex.o)
    0x08000d1c   0x08000d1c   0x00000030   Code   RO         5591    .text               c_w.l(_printf_char_common.o)
    0x08000d4c   0x08000d4c   0x0000000a   Code   RO         5593    .text               c_w.l(_sputc.o)
    0x08000d56   0x08000d56   0x0000002c   Code   RO         5595    .text               c_w.l(_printf_char.o)
    0x08000d82   0x08000d82   0x00000002   PAD
    0x08000d84   0x08000d84   0x00000024   Code   RO         5597    .text               c_w.l(_printf_char_file.o)
    0x08000da8   0x08000da8   0x000000a4   Code   RO         5600    .text               c_w.l(strtod.o)
    0x08000e4c   0x08000e4c   0x00000008   Code   RO         5679    .text               c_w.l(rt_locale_intlibspace.o)
    0x08000e54   0x08000e54   0x00000008   Code   RO         5684    .text               c_w.l(rt_errno_addr_intlibspace.o)
    0x08000e5c   0x08000e5c   0x0000008a   Code   RO         5686    .text               c_w.l(lludiv10.o)
    0x08000ee6   0x08000ee6   0x00000012   Code   RO         5688    .text               c_w.l(isspace.o)
    0x08000ef8   0x08000ef8   0x00000080   Code   RO         5690    .text               c_w.l(_printf_fp_infnan.o)
    0x08000f78   0x08000f78   0x00000040   Code   RO         5694    .text               c_w.l(_sgetc.o)
    0x08000fb8   0x08000fb8   0x000000e4   Code   RO         5696    .text               c_w.l(bigflt0.o)
    0x0800109c   0x0800109c   0x00000008   Code   RO         5721    .text               c_w.l(ferror.o)
    0x080010a4   0x080010a4   0x00000008   Code   RO         5744    .text               c_w.l(libspace.o)
    0x080010ac   0x080010ac   0x0000004a   Code   RO         5747    .text               c_w.l(sys_stackheap_outer.o)
    0x080010f6   0x080010f6   0x00000002   PAD
    0x080010f8   0x080010f8   0x00000010   Code   RO         5749    .text               c_w.l(rt_ctype_table.o)
    0x08001108   0x08001108   0x000004f8   Code   RO         5751    .text               c_w.l(scanf_fp.o)
    0x08001600   0x08001600   0x00000012   Code   RO         5753    .text               c_w.l(exit.o)
    0x08001612   0x08001612   0x00000002   PAD
    0x08001614   0x08001614   0x00000080   Code   RO         5759    .text               c_w.l(strcmpv7m.o)
    0x08001694   0x08001694   0x00000320   Code   RO         5852    .text               c_w.l(scanf_hexfp.o)
    0x080019b4   0x080019b4   0x00000134   Code   RO         5854    .text               c_w.l(scanf_infnan.o)
    0x08001ae8   0x08001ae8   0x00000026   Code   RO         5876    .text               c_w.l(llshl.o)
    0x08001b0e   0x08001b0e   0x0000001c   Code   RO         5878    .text               c_w.l(_chval.o)
    0x08001b2a   0x08001b2a   0x0000003e   Code   RO         5699    CL$$btod_d2e        c_w.l(btod.o)
    0x08001b68   0x08001b68   0x00000046   Code   RO         5701    CL$$btod_d2e_denorm_low  c_w.l(btod.o)
    0x08001bae   0x08001bae   0x00000060   Code   RO         5700    CL$$btod_d2e_norm_op1  c_w.l(btod.o)
    0x08001c0e   0x08001c0e   0x00000338   Code   RO         5709    CL$$btod_div_common  c_w.l(btod.o)
    0x08001f46   0x08001f46   0x00000002   PAD
    0x08001f48   0x08001f48   0x00000084   Code   RO         5707    CL$$btod_e2d        c_w.l(btod.o)
    0x08001fcc   0x08001fcc   0x000000dc   Code   RO         5706    CL$$btod_e2e        c_w.l(btod.o)
    0x080020a8   0x080020a8   0x0000002a   Code   RO         5703    CL$$btod_ediv       c_w.l(btod.o)
    0x080020d2   0x080020d2   0x0000002a   Code   RO         5705    CL$$btod_edivd      c_w.l(btod.o)
    0x080020fc   0x080020fc   0x0000002a   Code   RO         5702    CL$$btod_emul       c_w.l(btod.o)
    0x08002126   0x08002126   0x0000002a   Code   RO         5704    CL$$btod_emuld      c_w.l(btod.o)
    0x08002150   0x08002150   0x00000244   Code   RO         5708    CL$$btod_mult_common  c_w.l(btod.o)
    0x08002394   0x08002394   0x00000090   Code   RO          938    CODE                core.o
    0x08002424   0x08002424   0x00000080   Code   RO         1106    i.ADC1_Init         drive_adc.o
    0x080024a4   0x080024a4   0x00000016   Code   RO         2492    i.ADC_Cmd           stm32f4xx_adc.o
    0x080024ba   0x080024ba   0x00000002   PAD
    0x080024bc   0x080024bc   0x00000030   Code   RO         2493    i.ADC_CommonInit    stm32f4xx_adc.o
    0x080024ec   0x080024ec   0x00000008   Code   RO         2504    i.ADC_GetConversionValue  stm32f4xx_adc.o
    0x080024f4   0x080024f4   0x00000012   Code   RO         2505    i.ADC_GetFlagStatus  stm32f4xx_adc.o
    0x08002506   0x08002506   0x00000002   PAD
    0x08002508   0x08002508   0x00000054   Code   RO         2512    i.ADC_Init          stm32f4xx_adc.o
    0x0800255c   0x0800255c   0x000000b8   Code   RO         2517    i.ADC_RegularChannelConfig  stm32f4xx_adc.o
    0x08002614   0x08002614   0x00000050   Code   RO         1109    i.ADC_Result_Get    drive_adc.o
    0x08002664   0x08002664   0x0000000a   Code   RO         2519    i.ADC_SoftwareStartConv  stm32f4xx_adc.o
    0x0800266e   0x0800266e   0x000000c8   Code   RO         1665    i.ADF4351Init       drive_adf4351.o
    0x08002736   0x08002736   0x00000002   PAD
    0x08002738   0x08002738   0x00000204   Code   RO         1666    i.ADF4351WriteFreq  drive_adf4351.o
    0x0800293c   0x0800293c   0x000000e4   Code   RO          446    i.ADF4351_Sweep_main  app_adf4351_sweep.o
    0x08002a20   0x08002a20   0x00000038   Code   RO          364    i.ADF4351_main      app_adf4351.o
    0x08002a58   0x08002a58   0x00000030   Code   RO         1669    i.ADF_Output_GPIOInit  drive_adf4351.o
    0x08002a88   0x08002a88   0x00000078   Code   RO         1832    i.ADS1256ReadData   drive_ads1256.o
    0x08002b00   0x08002b00   0x00000050   Code   RO         1833    i.ADS1256WREG       drive_ads1256.o
    0x08002b50   0x08002b50   0x00000098   Code   RO         1571    i.ADS_Read_AD       drive_touch.o
    0x08002be8   0x08002be8   0x0000007c   Code   RO         1572    i.ADS_Read_XY       drive_touch.o
    0x08002c64   0x08002c64   0x00000054   Code   RO         1573    i.ADS_Write_Byte    drive_touch.o
    0x08002cb8   0x08002cb8   0x0000079c   Code   RO          503    i.AF_Multi_Measuring  app_freqana.o
    0x08003454   0x08003454   0x00000004   Code   RO         5302    i.BusFault_Handler  stm32f4xx_it.o
    0x08003458   0x08003458   0x00000050   Code   RO         1625    i.Clear_Show        drive_touchkey.o
    0x080034a8   0x080034a8   0x00000028   Code   RO         2780    i.DAC_Cmd           stm32f4xx_dac.o
    0x080034d0   0x080034d0   0x00000034   Code   RO         2788    i.DAC_Init          stm32f4xx_dac.o
    0x08003504   0x08003504   0x00000020   Code   RO         2790    i.DAC_SetChannel2Data  stm32f4xx_dac.o
    0x08003524   0x08003524   0x00000058   Code   RO         1222    i.Dac2_Init         drive_dac.o
    0x0800357c   0x0800357c   0x0000000e   Code   RO         1223    i.Dac2_Set_Vol      drive_dac.o
    0x0800358a   0x0800358a   0x00000002   Code   RO         5303    i.DebugMon_Handler  stm32f4xx_it.o
    0x0800358c   0x0800358c   0x00000010   Code   RO         1574    i.Delay             drive_touch.o
    0x0800359c   0x0800359c   0x00000348   Code   RO          702    i.Draw_Graph        os_ui.o
    0x080038e4   0x080038e4   0x000003de   Code   RO          703    i.Draw_Grid         os_ui.o
    0x08003cc2   0x08003cc2   0x00000002   PAD
    0x08003cc4   0x08003cc4   0x000000b4   Code   RO         1902    i.ESP8266_Client_Connect_Server  drive_communication.o
    0x08003d78   0x08003d78   0x0000000a   Code   RO         1335    i.EXTI0_IRQHandler  drive_interrupt.o
    0x08003d82   0x08003d82   0x00000016   Code   RO         1336    i.EXTI15_10_IRQHandler  drive_interrupt.o
    0x08003d98   0x08003d98   0x00000012   Code   RO         1337    i.EXTI1_IRQHandler  drive_interrupt.o
    0x08003daa   0x08003daa   0x00000012   Code   RO         1338    i.EXTI2_IRQHandler  drive_interrupt.o
    0x08003dbc   0x08003dbc   0x00000012   Code   RO         1339    i.EXTI3_IRQHandler  drive_interrupt.o
    0x08003dce   0x08003dce   0x00000012   Code   RO         1340    i.EXTI4_IRQHandler  drive_interrupt.o
    0x08003de0   0x08003de0   0x00000012   Code   RO         1341    i.EXTI9_5_IRQHandler  drive_interrupt.o
    0x08003df2   0x08003df2   0x00000002   PAD
    0x08003df4   0x08003df4   0x0000000c   Code   RO         3277    i.EXTI_ClearITPendingBit  stm32f4xx_exti.o
    0x08003e00   0x08003e00   0x00000018   Code   RO         3281    i.EXTI_GetITStatus  stm32f4xx_exti.o
    0x08003e18   0x08003e18   0x00000034   Code   RO         3349    i.FSMC_NORSRAMCmd   stm32f4xx_fsmc.o
    0x08003e4c   0x08003e4c   0x000000e6   Code   RO         3351    i.FSMC_NORSRAMInit  stm32f4xx_fsmc.o
    0x08003f32   0x08003f32   0x00000002   PAD
    0x08003f34   0x08003f34   0x000000b4   Code   RO          504    i.FreqAna_main      app_freqana.o
    0x08003fe8   0x08003fe8   0x000000a4   Code   RO         1575    i.GPIO_Configuration  drive_touch.o
    0x0800408c   0x0800408c   0x00000090   Code   RO         3470    i.GPIO_Init         stm32f4xx_gpio.o
    0x0800411c   0x0800411c   0x00000040   Code   RO         1173    i.GPIO_Key_Init     drive_gpio.o
    0x0800415c   0x0800415c   0x00000046   Code   RO         3471    i.GPIO_PinAFConfig  stm32f4xx_gpio.o
    0x080041a2   0x080041a2   0x00000004   Code   RO         3477    i.GPIO_ResetBits    stm32f4xx_gpio.o
    0x080041a6   0x080041a6   0x00000004   Code   RO         3478    i.GPIO_SetBits      stm32f4xx_gpio.o
    0x080041aa   0x080041aa   0x00000002   PAD
    0x080041ac   0x080041ac   0x00000068   Code   RO         1835    i.Get_Val           drive_ads1256.o
    0x08004214   0x08004214   0x00000074   Code   RO          505    i.GridData_Init     app_freqana.o
    0x08004288   0x08004288   0x00000004   Code   RO         5304    i.HardFault_Handler  stm32f4xx_it.o
    0x0800428c   0x0800428c   0x000000b4   Code   RO          404    i.Key_Now_Get       app_key.o
    0x08004340   0x08004340   0x000001d0   Code   RO          405    i.Key_main          app_key.o
    0x08004510   0x08004510   0x0000002c   Code   RO         2131    i.LCD_Clear         tft_lcd.o
    0x0800453c   0x0800453c   0x00000154   Code   RO         2132    i.LCD_CtrlLinesConfig  tft_lcd.o
    0x08004690   0x08004690   0x00000040   Code   RO         2145    i.LCD_DrawRectS     tft_lcd.o
    0x080046d0   0x080046d0   0x0000011e   Code   RO         2146    i.LCD_DrawuniLine   tft_lcd.o
    0x080047ee   0x080047ee   0x0000005e   Code   RO         2147    i.LCD_FSMCConfig    tft_lcd.o
    0x0800484c   0x0800484c   0x00000008   Code   RO         2348    i.LCD_REG_Select    tft_lcd.o
    0x08004854   0x08004854   0x00000044   Code   RO         2153    i.LCD_SetCursor     tft_lcd.o
    0x08004898   0x08004898   0x0000004c   Code   RO         2154    i.LCD_SetDisplayWindow  tft_lcd.o
    0x080048e4   0x080048e4   0x00000008   Code   RO         2343    i.LCD_WriteRAM      tft_lcd.o
    0x080048ec   0x080048ec   0x0000000a   Code   RO         2353    i.LCD_WriteRAM_Prepare  tft_lcd.o
    0x080048f6   0x080048f6   0x00000002   PAD
    0x080048f8   0x080048f8   0x000000a4   Code   RO          330    i.LED_Control       app_led.o
    0x0800499c   0x0800499c   0x00000050   Code   RO         1175    i.LED_Init          drive_gpio.o
    0x080049ec   0x080049ec   0x0000002c   Code   RO          331    i.LED_main          app_led.o
    0x08004a18   0x08004a18   0x00000004   Code   RO         5305    i.MemManage_Handler  stm32f4xx_it.o
    0x08004a1c   0x08004a1c   0x00000002   Code   RO         5306    i.NMI_Handler       stm32f4xx_it.o
    0x08004a1e   0x08004a1e   0x00000002   PAD
    0x08004a20   0x08004a20   0x00000078   Code   RO         4875    i.NVIC_Init         misc.o
    0x08004a98   0x08004a98   0x00000014   Code   RO          671    i.OSDelPrioRdy      os_cpu.o
    0x08004aac   0x08004aac   0x00000028   Code   RO          575    i.OSGetHighRdy      os_cpu.o
    0x08004ad4   0x08004ad4   0x00000014   Code   RO          666    i.OSSetPrioRdy      os_cpu.o
    0x08004ae8   0x08004ae8   0x00000074   Code   RO          576    i.OSTaskRecovery    os_cpu.o
    0x08004b5c   0x08004b5c   0x00000068   Code   RO          577    i.OSTaskSuspend     os_cpu.o
    0x08004bc4   0x08004bc4   0x0000003c   Code   RO          578    i.OSTimeDly         os_cpu.o
    0x08004c00   0x08004c00   0x00000120   Code   RO          705    i.OS_Char_Show      os_ui.o
    0x08004d20   0x08004d20   0x000000c8   Code   RO          707    i.OS_Font_Show      os_ui.o
    0x08004de8   0x08004de8   0x000000e0   Code   RO          708    i.OS_HzMat_Get      os_ui.o
    0x08004ec8   0x08004ec8   0x00000008   Code   RO          579    i.OS_IDLE_Task      os_cpu.o
    0x08004ed0   0x08004ed0   0x00000030   Code   RO          546    i.OS_Init           main.o
    0x08004f00   0x08004f00   0x0000000e   Code   RO          709    i.OS_LCD_Clear      os_ui.o
    0x08004f0e   0x08004f0e   0x00000002   PAD
    0x08004f10   0x08004f10   0x00000054   Code   RO          710    i.OS_LCD_Init       os_ui.o
    0x08004f64   0x08004f64   0x000000c6   Code   RO          711    i.OS_Line_Draw      os_ui.o
    0x0800502a   0x0800502a   0x00000002   PAD
    0x0800502c   0x0800502c   0x00000060   Code   RO          712    i.OS_Num_Show       os_ui.o
    0x0800508c   0x0800508c   0x0000001e   Code   RO          714    i.OS_Point_Draw     os_ui.o
    0x080050aa   0x080050aa   0x00000002   PAD
    0x080050ac   0x080050ac   0x00000098   Code   RO          715    i.OS_Rect_Draw      os_ui.o
    0x08005144   0x08005144   0x00000058   Code   RO          580    i.OS_Sched          os_cpu.o
    0x0800519c   0x0800519c   0x0000001c   Code   RO          581    i.OS_SchedLock      os_cpu.o
    0x080051b8   0x080051b8   0x0000001c   Code   RO          582    i.OS_SchedUnlock    os_cpu.o
    0x080051d4   0x080051d4   0x00000068   Code   RO          583    i.OS_Start          os_cpu.o
    0x0800523c   0x0800523c   0x0000007c   Code   RO          716    i.OS_String_Show    os_ui.o
    0x080052b8   0x080052b8   0x00000064   Code   RO          470    i.PID_Init          app_switch.o
    0x0800531c   0x0800531c   0x00000020   Code   RO         2160    i.PutPixel          tft_lcd.o
    0x0800533c   0x0800533c   0x00000020   Code   RO         3791    i.RCC_AHB1PeriphClockCmd  stm32f4xx_rcc.o
    0x0800535c   0x0800535c   0x00000020   Code   RO         3797    i.RCC_AHB3PeriphClockCmd  stm32f4xx_rcc.o
    0x0800537c   0x0800537c   0x00000020   Code   RO         3800    i.RCC_APB1PeriphClockCmd  stm32f4xx_rcc.o
    0x0800539c   0x0800539c   0x00000020   Code   RO         3803    i.RCC_APB2PeriphClockCmd  stm32f4xx_rcc.o
    0x080053bc   0x080053bc   0x00000020   Code   RO         3805    i.RCC_APB2PeriphResetCmd  stm32f4xx_rcc.o
    0x080053dc   0x080053dc   0x000000e8   Code   RO         3812    i.RCC_GetClocksFreq  stm32f4xx_rcc.o
    0x080054c4   0x080054c4   0x000000d4   Code   RO         2061    i.SPI1_Init         spi.o
    0x08005598   0x08005598   0x00000038   Code   RO         2062    i.SPI1_ReadWriteByte  spi.o
    0x080055d0   0x080055d0   0x00000028   Code   RO         2063    i.SPI1_SetSpeed     spi.o
    0x080055f8   0x080055f8   0x00000018   Code   RO         4925    i.SPI_Cmd           stm32f4xx_spi.o
    0x08005610   0x08005610   0x00000012   Code   RO         4933    i.SPI_I2S_GetFlagStatus  stm32f4xx_spi.o
    0x08005622   0x08005622   0x00000006   Code   RO         4936    i.SPI_I2S_ReceiveData  stm32f4xx_spi.o
    0x08005628   0x08005628   0x00000004   Code   RO         4937    i.SPI_I2S_SendData  stm32f4xx_spi.o
    0x0800562c   0x0800562c   0x0000003c   Code   RO         4938    i.SPI_Init          stm32f4xx_spi.o
    0x08005668   0x08005668   0x00000048   Code   RO         1838    i.SPI_ReadByte      drive_ads1256.o
    0x080056b0   0x080056b0   0x00000054   Code   RO         1839    i.SPI_WriteByte     drive_ads1256.o
    0x08005704   0x08005704   0x00000002   Code   RO         5307    i.SVC_Handler       stm32f4xx_it.o
    0x08005706   0x08005706   0x00000002   PAD
    0x08005708   0x08005708   0x000000ec   Code   RO         5387    i.SetSysClock       system_stm32f4xx.o
    0x080057f4   0x080057f4   0x00000348   Code   RO          722    i.Show_Label        os_ui.o
    0x08005b3c   0x08005b3c   0x00000304   Code   RO          365    i.Start_Meum        app_adf4351.o
    0x08005e40   0x08005e40   0x00000114   Code   RO          471    i.Switch_main       app_switch.o
    0x08005f54   0x08005f54   0x00000028   Code   RO         4879    i.SysTick_CLKSourceConfig  misc.o
    0x08005f7c   0x08005f7c   0x00000084   Code   RO          584    i.SysTick_Handler   os_cpu.o
    0x08006000   0x08006000   0x00000068   Code   RO         5389    i.SystemInit        system_stm32f4xx.o
    0x08006068   0x08006068   0x0000005c   Code   RO          585    i.System_init       os_cpu.o
    0x080060c4   0x080060c4   0x000001f0   Code   RO         2162    i.TFT_LCD_Init      tft_lcd.o
    0x080062b4   0x080062b4   0x0000001c   Code   RO         1342    i.TIM1_BRK_TIM9_IRQHandler  drive_interrupt.o
    0x080062d0   0x080062d0   0x0000001c   Code   RO         1343    i.TIM1_TRG_COM_TIM11_IRQHandler  drive_interrupt.o
    0x080062ec   0x080062ec   0x0000001c   Code   RO         1344    i.TIM1_UP_TIM10_IRQHandler  drive_interrupt.o
    0x08006308   0x08006308   0x00000016   Code   RO         1345    i.TIM2_IRQHandler   drive_interrupt.o
    0x0800631e   0x0800631e   0x00000002   PAD
    0x08006320   0x08006320   0x0000001c   Code   RO         1346    i.TIM3_IRQHandler   drive_interrupt.o
    0x0800633c   0x0800633c   0x00000028   Code   RO         1347    i.TIM4_IRQHandler   drive_interrupt.o
    0x08006364   0x08006364   0x00000030   Code   RO         1348    i.TIM5_IRQHandler   drive_interrupt.o
    0x08006394   0x08006394   0x0000001c   Code   RO         1349    i.TIM6_DAC_IRQHandler  drive_interrupt.o
    0x080063b0   0x080063b0   0x0000001c   Code   RO         1350    i.TIM7_IRQHandler   drive_interrupt.o
    0x080063cc   0x080063cc   0x0000001c   Code   RO         1351    i.TIM8_BRK_TIM12_IRQHandler  drive_interrupt.o
    0x080063e8   0x080063e8   0x0000001c   Code   RO         1352    i.TIM8_TRG_COM_TIM14_IRQHandler  drive_interrupt.o
    0x08006404   0x08006404   0x0000001c   Code   RO         1353    i.TIM8_UP_TIM13_IRQHandler  drive_interrupt.o
    0x08006420   0x08006420   0x00000006   Code   RO         4136    i.TIM_ClearITPendingBit  stm32f4xx_tim.o
    0x08006426   0x08006426   0x00000022   Code   RO         4162    i.TIM_GetITStatus   stm32f4xx_tim.o
    0x08006448   0x08006448   0x000001f0   Code   RO          586    i.Task_Create       os_cpu.o
    0x08006638   0x08006638   0x00000004   Code   RO          587    i.Task_End          os_cpu.o
    0x0800663c   0x0800663c   0x000002e4   Code   RO         1626    i.TouchKey_Draw     drive_touchkey.o
    0x08006920   0x08006920   0x00000560   Code   RO         1627    i.TouchKey_Scan     drive_touchkey.o
    0x08006e80   0x08006e80   0x000000ac   Code   RO         1576    i.TouchRead         drive_touch.o
    0x08006f2c   0x08006f2c   0x00000014   Code   RO            4    i.Touch_Clear       app_touch.o
    0x08006f40   0x08006f40   0x000004a6   Code   RO          366    i.Touch_Handle      app_adf4351.o
    0x080073e6   0x080073e6   0x00000008   Code   RO         1577    i.Touch_Init        drive_touch.o
    0x080073ee   0x080073ee   0x00000002   PAD
    0x080073f0   0x080073f0   0x00000060   Code   RO            5    i.Touch_Judge       app_touch.o
    0x08007450   0x08007450   0x00000090   Code   RO            6    i.Touch_main        app_touch.o
    0x080074e0   0x080074e0   0x000000d8   Code   RO         1011    i.USART1_IRQHandler  usart.o
    0x080075b8   0x080075b8   0x00000018   Code   RO         4691    i.USART_Cmd         stm32f4xx_usart.o
    0x080075d0   0x080075d0   0x0000001a   Code   RO         4694    i.USART_GetFlagStatus  stm32f4xx_usart.o
    0x080075ea   0x080075ea   0x00000054   Code   RO         4695    i.USART_GetITStatus  stm32f4xx_usart.o
    0x0800763e   0x0800763e   0x0000004a   Code   RO         4697    i.USART_ITConfig    stm32f4xx_usart.o
    0x08007688   0x08007688   0x000000d4   Code   RO         4698    i.USART_Init        stm32f4xx_usart.o
    0x0800775c   0x0800775c   0x0000000a   Code   RO         4705    i.USART_ReceiveData  stm32f4xx_usart.o
    0x08007766   0x08007766   0x00000008   Code   RO         4708    i.USART_SendData    stm32f4xx_usart.o
    0x0800776e   0x0800776e   0x00000004   Code   RO         5308    i.UsageFault_Handler  stm32f4xx_it.o
    0x08007772   0x08007772   0x00000002   PAD
    0x08007774   0x08007774   0x00000078   Code   RO         2377    i.W25Q64_Init       w25q64.o
    0x080077ec   0x080077ec   0x00000058   Code   RO         2379    i.W25Q64_Read       w25q64.o
    0x08007844   0x08007844   0x0000004c   Code   RO         2380    i.W25Q64_ReadID     w25q64.o
    0x08007890   0x08007890   0x0000002a   Code   RO         1671    i.WriteOneRegToADF4351  drive_adf4351.o
    0x080078ba   0x080078ba   0x00000002   PAD
    0x080078bc   0x080078bc   0x000000b8   Code   RO         1672    i.WriteToADF4351    drive_adf4351.o
    0x08007974   0x08007974   0x00000030   Code   RO         5740    i.__ARM_fpclassify  m_wm.l(fpclassify.o)
    0x080079a4   0x080079a4   0x00000026   Code   RO         5632    i.__ARM_fpclassifyf  m_wm.l(fpclassifyf.o)
    0x080079ca   0x080079ca   0x00000006   PAD
    0x080079d0   0x080079d0   0x000000f8   Code   RO         5837    i.__hardfp___mathlib_tofloat  m_wm.l(narrow.o)
    0x08007ac8   0x08007ac8   0x00000038   Code   RO         5531    i.__hardfp_atof     m_wm.l(atof.o)
    0x08007b00   0x08007b00   0x000000d0   Code   RO         5889    i.__hardfp_ldexp    m_wm.l(ldexp.o)
    0x08007bd0   0x08007bd0   0x00000180   Code   RO         5537    i.__hardfp_log10f   m_wm.l(log10f.o)
    0x08007d50   0x08007d50   0x00000664   Code   RO         5551    i.__hardfp_powf     m_wm.l(powf.o)
    0x080083b4   0x080083b4   0x00000004   PAD
    0x080083b8   0x080083b8   0x00000020   Code   RO         5622    i.__mathlib_dbl_overflow  m_wm.l(dunder.o)
    0x080083d8   0x080083d8   0x00000020   Code   RO         5624    i.__mathlib_dbl_underflow  m_wm.l(dunder.o)
    0x080083f8   0x080083f8   0x00000014   Code   RO         5634    i.__mathlib_flt_divzero  m_wm.l(funder.o)
    0x0800840c   0x0800840c   0x00000006   Code   RO         5635    i.__mathlib_flt_infnan  m_wm.l(funder.o)
    0x08008412   0x08008412   0x00000006   Code   RO         5636    i.__mathlib_flt_infnan2  m_wm.l(funder.o)
    0x08008418   0x08008418   0x00000010   Code   RO         5637    i.__mathlib_flt_invalid  m_wm.l(funder.o)
    0x08008428   0x08008428   0x00000010   Code   RO         5638    i.__mathlib_flt_overflow  m_wm.l(funder.o)
    0x08008438   0x08008438   0x00000010   Code   RO         5640    i.__mathlib_flt_underflow  m_wm.l(funder.o)
    0x08008448   0x08008448   0x00000012   Code   RO         5838    i.__mathlib_narrow  m_wm.l(narrow.o)
    0x0800845a   0x0800845a   0x00000014   Code   RO         5891    i.__support_ldexp   m_wm.l(ldexp.o)
    0x0800846e   0x0800846e   0x0000000e   Code   RO         5459    i._is_digit         c_w.l(__printf_wp.o)
    0x0800847c   0x0800847c   0x00000004   Code   RO         1012    i._sys_exit         usart.o
    0x08008480   0x08008480   0x00000034   Code   RO         1015    i.atk_8266_check_cmd  usart.o
    0x080084b4   0x080084b4   0x00000060   Code   RO         1018    i.atk_8266_send_cmd  usart.o
    0x08008514   0x08008514   0x0000003a   Code   RO         1904    i.crc_16            drive_communication.o
    0x0800854e   0x0800854e   0x00000002   PAD
    0x08008550   0x08008550   0x00000044   Code   RO          982    i.delay_ms          delay.o
    0x08008594   0x08008594   0x00000060   Code   RO          983    i.delay_us          delay.o
    0x080085f4   0x080085f4   0x00000044   Code   RO         2025    i.font_init         fontupd.o
    0x08008638   0x08008638   0x0000001c   Code   RO         1020    i.fputc             usart.o
    0x08008654   0x08008654   0x00000004   PAD
    0x08008658   0x08008658   0x0000008c   Code   RO         5866    i.frexp             m_wm.l(frexp.o)
    0x080086e4   0x080086e4   0x00000094   Code   RO          547    i.main              main.o
    0x08008778   0x08008778   0x00000096   Code   RO         1789    i.pid_calc          drive_pid.o
    0x0800880e   0x0800880e   0x00000002   PAD
    0x08008810   0x08008810   0x000000b8   Code   RO         1791    i.pid_init          drive_pid.o
    0x080088c8   0x080088c8   0x00000080   Code   RO         1792    i.pid_reset         drive_pid.o
    0x08008948   0x08008948   0x0000008c   Code   RO         1905    i.sendData          drive_communication.o
    0x080089d4   0x080089d4   0x000000ac   Code   RO         1021    i.uart_init         usart.o
    0x08008a80   0x08008a80   0x00000030   Code   RO         1906    i.usartSendData     drive_communication.o
    0x08008ab0   0x08008ab0   0x0000002c   Code   RO         5726    locale$$code        c_w.l(lc_numeric_c.o)
    0x08008adc   0x08008adc   0x0000002c   Code   RO         5817    locale$$code        c_w.l(lc_ctype_c.o)
    0x08008b08   0x08008b08   0x00000062   Code   RO         5487    x$fpl$d2f           fz_wm.l(d2f.o)
    0x08008b6a   0x08008b6a   0x00000002   PAD
    0x08008b6c   0x08008b6c   0x00000150   Code   RO         5489    x$fpl$dadd          fz_wm.l(daddsub_clz.o)
    0x08008cbc   0x08008cbc   0x00000010   Code   RO         5941    x$fpl$dcheck1       fz_wm.l(dcheck1.o)
    0x08008ccc   0x08008ccc   0x00000018   Code   RO         5602    x$fpl$dcmpinf       fz_wm.l(dcmpi.o)
    0x08008ce4   0x08008ce4   0x000002b0   Code   RO         5496    x$fpl$ddiv          fz_wm.l(ddiv.o)
    0x08008f94   0x08008f94   0x00000078   Code   RO         5499    x$fpl$deqf          fz_wm.l(deqf.o)
    0x0800900c   0x0800900c   0x0000005a   Code   RO         5501    x$fpl$dfixu         fz_wm.l(dfixu.o)
    0x08009066   0x08009066   0x0000002e   Code   RO         5510    x$fpl$dflt          fz_wm.l(dflt_clz.o)
    0x08009094   0x08009094   0x00000026   Code   RO         5509    x$fpl$dfltu         fz_wm.l(dflt_clz.o)
    0x080090ba   0x080090ba   0x00000002   PAD
    0x080090bc   0x080090bc   0x00000078   Code   RO         5515    x$fpl$dleqf         fz_wm.l(dleqf.o)
    0x08009134   0x08009134   0x00000154   Code   RO         5517    x$fpl$dmul          fz_wm.l(dmul.o)
    0x08009288   0x08009288   0x0000009c   Code   RO         5604    x$fpl$dnaninf       fz_wm.l(dnaninf.o)
    0x08009324   0x08009324   0x0000000c   Code   RO         5606    x$fpl$dretinf       fz_wm.l(dretinf.o)
    0x08009330   0x08009330   0x0000006c   Code   RO         5519    x$fpl$drleqf        fz_wm.l(drleqf.o)
    0x0800939c   0x0800939c   0x00000016   Code   RO         5490    x$fpl$drsb          fz_wm.l(daddsub_clz.o)
    0x080093b2   0x080093b2   0x00000002   PAD
    0x080093b4   0x080093b4   0x000001d4   Code   RO         5491    x$fpl$dsub          fz_wm.l(daddsub_clz.o)
    0x08009588   0x08009588   0x00000056   Code   RO         5521    x$fpl$f2d           fz_wm.l(f2d.o)
    0x080095de   0x080095de   0x0000008c   Code   RO         5608    x$fpl$fnaninf       fz_wm.l(fnaninf.o)
    0x0800966a   0x0800966a   0x0000000a   Code   RO         5829    x$fpl$fpinit        fz_wm.l(fpinit.o)
    0x08009674   0x08009674   0x0000000a   Code   RO         5610    x$fpl$fretinf       fz_wm.l(fretinf.o)
    0x0800967e   0x0800967e   0x00000006   Code   RO         5612    x$fpl$ieeestatus    fz_wm.l(istatus.o)
    0x08009684   0x08009684   0x00000004   Code   RO         5523    x$fpl$printf1       fz_wm.l(printf1.o)
    0x08009688   0x08009688   0x00000004   Code   RO         5525    x$fpl$printf2       fz_wm.l(printf2.o)
    0x0800968c   0x0800968c   0x00000064   Code   RO         5943    x$fpl$retnan        fz_wm.l(retnan.o)
    0x080096f0   0x080096f0   0x0000005c   Code   RO         5938    x$fpl$scalbn        fz_wm.l(scalbn.o)
    0x0800974c   0x0800974c   0x00000004   Code   RO         5732    x$fpl$scanf1        fz_wm.l(scanf1.o)
    0x08009750   0x08009750   0x00000008   Code   RO         5831    x$fpl$scanf2        fz_wm.l(scanf2.o)
    0x08009758   0x08009758   0x00000030   Code   RO         5945    x$fpl$trapveneer    fz_wm.l(trapv.o)
    0x08009788   0x08009788   0x00000000   Code   RO         5614    x$fpl$usenofp       fz_wm.l(usenofp.o)
    0x08009788   0x08009788   0x0000a30c   Data   RO         2010    .constdata          fonts.o
    0x08013a94   0x08013a94   0x00000011   Data   RO         5467    .constdata          c_w.l(__printf_flags_ss_wp.o)
    0x08013aa5   0x08013aa5   0x00000003   PAD
    0x08013aa8   0x08013aa8   0x00000040   Data   RO         5540    .constdata          m_wm.l(log10f.o)
    0x08013ae8   0x08013ae8   0x00000140   Data   RO         5554    .constdata          m_wm.l(powf.o)
    0x08013c28   0x08013c28   0x00000026   Data   RO         5589    .constdata          c_w.l(_printf_fp_hex.o)
    0x08013c4e   0x08013c4e   0x00000002   PAD
    0x08013c50   0x08013c50   0x00000094   Data   RO         5697    .constdata          c_w.l(bigflt0.o)
    0x08013ce4   0x08013ce4   0x00000020   Data   RO         5947    Region$$Table       anon$$obj.o
    0x08013d04   0x08013d04   0x00000008   Data   RO         5825    c$$dinf             fz_wm.l(fpconst.o)
    0x08013d0c   0x08013d0c   0x00000008   Data   RO         5828    c$$dmax             fz_wm.l(fpconst.o)
    0x08013d14   0x08013d14   0x0000001c   Data   RO         5725    locale$$data        c_w.l(lc_numeric_c.o)
    0x08013d30   0x08013d30   0x00000110   Data   RO         5816    locale$$data        c_w.l(lc_ctype_c.o)


    Execution Region RW_IRAM1 (Exec base: 0x20000000, Load base: 0x08013e40, Size: 0x0001cd20, Max: 0x000e0000, ABSOLUTE)

    Exec Addr    Load Addr    Size         Type   Attr      Idx    E Section Name        Object

    0x20000000   0x08013e40   0x00000004   Data   RW            8    .data               app_touch.o
    0x20000004   0x08013e44   0x00000001   Data   RW          332    .data               app_led.o
    0x20000005   0x08013e45   0x00000003   PAD
    0x20000008   0x08013e48   0x00000038   Data   RW          367    .data               app_adf4351.o
    0x20000040   0x08013e80   0x00000010   Data   RW          447    .data               app_adf4351_sweep.o
    0x20000050   0x08013e90   0x00000004   Data   RW          473    .data               app_switch.o
    0x20000054   0x08013e94   0x0000001e   Data   RW          589    .data               os_cpu.o
    0x20000072   0x08013eb2   0x00000002   Data   RW          723    .data               os_ui.o
    0x20000074   0x08013eb4   0x00000009   Data   RW         1023    .data               usart.o
    0x2000007d   0x08013ebd   0x00000001   PAD
    0x2000007e   0x08013ebe   0x0000000b   Data   RW         1629    .data               drive_touchkey.o
    0x20000089   0x08013ec9   0x00000003   PAD
    0x2000008c   0x08013ecc   0x00000020   Data   RW         2011    .data               fonts.o
    0x200000ac   0x08013eec   0x00000008   Data   RW         2163    .data               tft_lcd.o
    0x200000b4   0x08013ef4   0x00000002   Data   RW         2391    .data               w25q64.o
    0x200000b6   0x08013ef6   0x00000010   Data   RW         3844    .data               stm32f4xx_rcc.o
    0x200000c6   0x08013f06   0x00000002   PAD
    0x200000c8   0x08013f08   0x00000014   Data   RW         5390    .data               system_stm32f4xx.o
    0x200000dc        -       0x0000000e   Zero   RW            7    .bss                app_touch.o
    0x200000ea        -       0x00000012   Zero   RW          406    .bss                app_key.o
    0x200000fc        -       0x0000003c   Zero   RW          472    .bss                app_switch.o
    0x20000138        -       0x00005574   Zero   RW          506    .bss                app_freqana.o
    0x200056ac        -       0x00014850   Zero   RW          548    .bss                main.o
    0x20019efc        -       0x00000480   Zero   RW          588    .bss                os_cpu.o
    0x2001a37c        -       0x000000c8   Zero   RW         1022    .bss                usart.o
    0x2001a444        -       0x00000028   Zero   RW         1628    .bss                drive_touchkey.o
    0x2001a46c        -       0x00000831   Zero   RW         1907    .bss                drive_communication.o
    0x2001ac9d        -       0x00000021   Zero   RW         2026    .bss                fontupd.o
    0x2001acbe   0x08013f1c   0x00000002   PAD
    0x2001acc0        -       0x00000060   Zero   RW         5745    .bss                c_w.l(libspace.o)
    0x2001ad20        -       0x00000000   Zero   RW         5423    HEAP                startup_stm32f40_41xxx.o
    0x2001ad20        -       0x00002000   Zero   RW         5422    STACK               startup_stm32f40_41xxx.o



  Load Region LR$$.ARM.__AT_0x10000000 (Base: 0x10000000, Size: 0x00000000, Max: 0x0000f000, ABSOLUTE)

    Execution Region ER$$.ARM.__AT_0x10000000 (Exec base: 0x10000000, Load base: 0x10000000, Size: 0x0000f000, Max: 0x0000f000, ABSOLUTE, UNINIT)

    Exec Addr    Load Addr    Size         Type   Attr      Idx    E Section Name        Object

    0x10000000        -       0x0000f000   Zero   RW          869    .ARM.__AT_0x10000000  os_malloc.o



  Load Region LR$$.ARM.__AT_0x1000F000 (Base: 0x1000f000, Size: 0x00000000, Max: 0x00000f00, ABSOLUTE)

    Execution Region ER$$.ARM.__AT_0x1000F000 (Exec base: 0x1000f000, Load base: 0x1000f000, Size: 0x00000f00, Max: 0x00000f00, ABSOLUTE, UNINIT)

    Exec Addr    Load Addr    Size         Type   Attr      Idx    E Section Name        Object

    0x1000f000        -       0x00000f00   Zero   RW          870    .ARM.__AT_0x1000F000  os_malloc.o



  Load Region LR$$.ARM.__AT_0x68000000 (Base: 0x68000000, Size: 0x00000000, Max: 0x000f0000, ABSOLUTE)

    Execution Region ER$$.ARM.__AT_0x68000000 (Exec base: 0x68000000, Load base: 0x68000000, Size: 0x000f0000, Max: 0x000f0000, ABSOLUTE, UNINIT)

    Exec Addr    Load Addr    Size         Type   Attr      Idx    E Section Name        Object

    0x68000000        -       0x000f0000   Zero   RW          871    .ARM.__AT_0x68000000  os_malloc.o



  Load Region LR$$.ARM.__AT_0x680F0000 (Base: 0x680f0000, Size: 0x00000000, Max: 0x0000f000, ABSOLUTE)

    Execution Region ER$$.ARM.__AT_0x680F0000 (Exec base: 0x680f0000, Load base: 0x680f0000, Size: 0x0000f000, Max: 0x0000f000, ABSOLUTE, UNINIT)

    Exec Addr    Load Addr    Size         Type   Attr      Idx    E Section Name        Object

    0x680f0000        -       0x0000f000   Zero   RW          872    .ARM.__AT_0x680F0000  os_malloc.o


==============================================================================

Image component sizes


      Code (inc. data)   RO Data    RW Data    ZI Data      Debug   Object Name

      2018        260          0         56          0       2710   app_adf4351.o
       228         34          0         16          0        613   app_adf4351_sweep.o
      2244        202          0          0      21876       5448   app_freqana.o
       644         16          0          0         18       2471   app_key.o
       208         16          0          1          0       1109   app_led.o
       376         58          0          4         60       1320   app_switch.o
       260         22          0          4         14     319615   app_touch.o
         0          0          0          0          0        713   character.o
       144         20          0          0          0        272   core.o
       164         12          0          0          0       1330   delay.o
       208         20          0          0          0       1625   drive_adc.o
       990         68          0          0          0       4363   drive_adf4351.o
       460         26          0          0          0       3093   drive_ads1256.o
       426        134          0          0       2097       4473   drive_communication.o
       102          4          0          0          0       1135   drive_dac.o
       144         20          0          0          0       1083   drive_gpio.o
       484         66          0          0          0       9852   drive_interrupt.o
       462         10          0          0          0       2570   drive_pid.o
       720         48          0          0          0       4741   drive_touch.o
      2196        162          0         11         40       2447   drive_touchkey.o
         0          0      41740         32          0       1426   fonts.o
        68          4          0          0         33       1281   fontupd.o
       196         58          0          0      84048       1785   main.o
       160         14          0          0          0       1646   misc.o
      1340        156          0         30       1152      10447   os_cpu.o
         0          0          0          0    1109760       1742   os_malloc.o
      4080        144          0          2          0      17113   os_ui.o
       308         24          0          0          0       1801   spi.o
        60         22        392          0       8192        832   startup_stm32f40_41xxx.o
       374         24          0          0          0       5782   stm32f4xx_adc.o
       124         18          0          0          0       2567   stm32f4xx_dac.o
        36         10          0          0          0       1196   stm32f4xx_exti.o
       282          6          0          0          0       1925   stm32f4xx_fsmc.o
       222          0          0          0          0       3035   stm32f4xx_gpio.o
        22          0          0          0          0       3247   stm32f4xx_it.o
       392         48          0         16          0       6017   stm32f4xx_rcc.o
       112          0          0          0          0       3674   stm32f4xx_spi.o
        40          0          0          0          0       1934   stm32f4xx_tim.o
       438          8          0          0          0       5721   stm32f4xx_usart.o
       340         32          0         20          0       1801   system_stm32f4xx.o
      1526         34          0          8          0       9555   tft_lcd.o
       568         60          0          9        200       5637   usart.o
       284         26          0          2          0       2452   w25q64.o

    ----------------------------------------------------------------------
     23492       1890      42164        220    1227492     463599   Object Totals
         0          0         32          0          0          0   (incl. Generated)
        42          4          0          9          2          0   (incl. Padding)

    ----------------------------------------------------------------------

      Code (inc. data)   RO Data    RW Data    ZI Data      Debug   Library Member Name

         8          0          0          0          0         68   __main.o
       392          4         17          0          0         92   __printf_flags_ss_wp.o
        14          0          0          0          0         68   __printf_wp.o
         0          0          0          0          0          0   __rtentry.o
        12          0          0          0          0          0   __rtentry2.o
         6          0          0          0          0          0   __rtentry4.o
        52          8          0          0          0          0   __scatter.o
        26          0          0          0          0          0   __scatter_copy.o
        28          0          0          0          0          0   __scatter_zi.o
        28          0          0          0          0         68   _chval.o
         6          0          0          0          0          0   _printf_a.o
        44          0          0          0          0        108   _printf_char.o
        48          6          0          0          0         96   _printf_char_common.o
        36          4          0          0          0         80   _printf_char_file.o
         6          0          0          0          0          0   _printf_e.o
         6          0          0          0          0          0   _printf_f.o
      1054          0          0          0          0        216   _printf_fp_dec.o
       764          8         38          0          0        100   _printf_fp_hex.o
       128         16          0          0          0         84   _printf_fp_infnan.o
         6          0          0          0          0          0   _printf_g.o
        78          0          0          0          0        108   _printf_pad.o
         0          0          0          0          0          0   _printf_percent.o
         4          0          0          0          0          0   _printf_percent_end.o
         6          0          0          0          0          0   _printf_s.o
        82          0          0          0          0         80   _printf_str.o
        22          0          0          0          0        100   _rserrno.o
        64          0          0          0          0         84   _sgetc.o
        10          0          0          0          0         68   _sputc.o
       228          4        148          0          0         96   bigflt0.o
      2152        136          0          0          0        960   btod.o
        18          0          0          0          0         80   exit.o
         8          0          0          0          0         68   ferror.o
         6          0          0          0          0        152   heapauxi.o
        18          0          0          0          0         76   isspace.o
        44         10        272          0          0         76   lc_ctype_c.o
        44         10         28          0          0         76   lc_numeric_c.o
         2          0          0          0          0          0   libinit.o
        34          0          0          0          0          0   libinit2.o
         2          0          0          0          0          0   libshutdown.o
         2          0          0          0          0          0   libshutdown2.o
         8          4          0          0         96         68   libspace.o
        38          0          0          0          0         68   llshl.o
       138          0          0          0          0         80   lludiv10.o
        24          4          0          0          0         84   noretval__2printf.o
        40          6          0          0          0         84   noretval__2sprintf.o
        16          4          0          0          0         76   rt_ctype_table.o
         8          4          0          0          0         68   rt_errno_addr_intlibspace.o
         8          4          0          0          0         68   rt_locale_intlibspace.o
        78          0          0          0          0         80   rt_memclr_w.o
       100          0          0          0          0         80   rt_memcpy_w.o
         2          0          0          0          0          0   rtexit.o
        10          0          0          0          0          0   rtexit2.o
      1272         16          0          0          0        168   scanf_fp.o
       800         14          0          0          0        100   scanf_hexfp.o
       308         16          0          0          0        100   scanf_infnan.o
       128          0          0          0          0         68   strcmpv7m.o
        36          0          0          0          0         80   strstr.o
       164         14          0          0          0        120   strtod.o
        74          0          0          0          0         80   sys_stackheap_outer.o
         2          0          0          0          0         68   use_no_semi.o
         2          0          0          0          0         68   use_no_semi_2.o
        98          4          0          0          0        140   d2f.o
       826         16          0          0          0        492   daddsub_clz.o
        16          4          0          0          0        116   dcheck1.o
        24          0          0          0          0        116   dcmpi.o
       688        140          0          0          0        256   ddiv.o
       120          4          0          0          0        140   deqf.o
        90          4          0          0          0        140   dfixu.o
        84          0          0          0          0        232   dflt_clz.o
       120          4          0          0          0        140   dleqf.o
       340         12          0          0          0        152   dmul.o
       156          4          0          0          0        140   dnaninf.o
        12          0          0          0          0        116   dretinf.o
       108          0          0          0          0        128   drleqf.o
        86          4          0          0          0        132   f2d.o
       140          4          0          0          0        132   fnaninf.o
         0          0         16          0          0          0   fpconst.o
        10          0          0          0          0        116   fpinit.o
        10          0          0          0          0        116   fretinf.o
         6          0          0          0          0        116   istatus.o
         4          0          0          0          0        116   printf1.o
         4          0          0          0          0        116   printf2.o
       100          0          0          0          0        116   retnan.o
        92          0          0          0          0        116   scalbn.o
         4          0          0          0          0        116   scanf1.o
         8          0          0          0          0        132   scanf2.o
        48          0          0          0          0        116   trapv.o
         0          0          0          0          0          0   usenofp.o
        56         12          0          0          0        132   atof.o
        64         16          0          0          0        248   dunder.o
        48          0          0          0          0        124   fpclassify.o
        38          0          0          0          0        116   fpclassifyf.o
       140         22          0          0          0        132   frexp.o
        80         24          0          0          0        696   funder.o
       228          8          0          0          0        308   ldexp.o
       384         52         64          0          0        140   log10f.o
       266         16          0          0          0        308   narrow.o
      1636        110        320          0          0        372   powf.o

    ----------------------------------------------------------------------
     14908        758        908          0         96      10936   Library Totals
        30          6          5          0          0          0   (incl. Padding)

    ----------------------------------------------------------------------

      Code (inc. data)   RO Data    RW Data    ZI Data      Debug   Library Name

      8744        292        503          0         96       4612   c_w.l
      3194        200         16          0          0       3748   fz_wm.l
      2940        260        384          0          0       2576   m_wm.l

    ----------------------------------------------------------------------
     14908        758        908          0         96      10936   Library Totals

    ----------------------------------------------------------------------

==============================================================================


      Code (inc. data)   RO Data    RW Data    ZI Data      Debug   

     38400       2648      43072        220    1227588     451187   Grand Totals
     38400       2648      43072        220    1227588     451187   ELF Image Totals
     38400       2648      43072        220          0          0   ROM Totals

==============================================================================

    Total RO  Size (Code + RO Data)                81472 (  79.56kB)
    Total RW  Size (RW Data + ZI Data)           1227808 (1199.03kB)
    Total ROM Size (Code + RO Data + RW Data)      81692 (  79.78kB)

==============================================================================

